Archive member included to satisfy reference by file (symbol)

d:/st/stm32cubeide_1.9.0/stm32cubeide/plugins/com.st.stm32cube.ide.mcu.externaltools.gnu-tools-for-stm32.10.3-2021.10.win32_1.0.0.202111181127/tools/bin/../lib/gcc/arm-none-eabi/10.3.1/../../../../arm-none-eabi/lib/thumb/v7-m/nofp\libc_nano.a(lib_a-errno.o)
                              ./Src/syscalls.o (__errno)
d:/st/stm32cubeide_1.9.0/stm32cubeide/plugins/com.st.stm32cube.ide.mcu.externaltools.gnu-tools-for-stm32.10.3-2021.10.win32_1.0.0.202111181127/tools/bin/../lib/gcc/arm-none-eabi/10.3.1/../../../../arm-none-eabi/lib/thumb/v7-m/nofp\libc_nano.a(lib_a-exit.o)
                              d:/st/stm32cubeide_1.9.0/stm32cubeide/plugins/com.st.stm32cube.ide.mcu.externaltools.gnu-tools-for-stm32.10.3-2021.10.win32_1.0.0.202111181127/tools/bin/../lib/gcc/arm-none-eabi/10.3.1/../../../../arm-none-eabi/lib/thumb/v7-m/nofp/crt0.o (exit)
d:/st/stm32cubeide_1.9.0/stm32cubeide/plugins/com.st.stm32cube.ide.mcu.externaltools.gnu-tools-for-stm32.10.3-2021.10.win32_1.0.0.202111181127/tools/bin/../lib/gcc/arm-none-eabi/10.3.1/../../../../arm-none-eabi/lib/thumb/v7-m/nofp\libc_nano.a(lib_a-impure.o)
                              d:/st/stm32cubeide_1.9.0/stm32cubeide/plugins/com.st.stm32cube.ide.mcu.externaltools.gnu-tools-for-stm32.10.3-2021.10.win32_1.0.0.202111181127/tools/bin/../lib/gcc/arm-none-eabi/10.3.1/../../../../arm-none-eabi/lib/thumb/v7-m/nofp\libc_nano.a(lib_a-exit.o) (_global_impure_ptr)
d:/st/stm32cubeide_1.9.0/stm32cubeide/plugins/com.st.stm32cube.ide.mcu.externaltools.gnu-tools-for-stm32.10.3-2021.10.win32_1.0.0.202111181127/tools/bin/../lib/gcc/arm-none-eabi/10.3.1/../../../../arm-none-eabi/lib/thumb/v7-m/nofp\libc_nano.a(lib_a-init.o)
                              d:/st/stm32cubeide_1.9.0/stm32cubeide/plugins/com.st.stm32cube.ide.mcu.externaltools.gnu-tools-for-stm32.10.3-2021.10.win32_1.0.0.202111181127/tools/bin/../lib/gcc/arm-none-eabi/10.3.1/../../../../arm-none-eabi/lib/thumb/v7-m/nofp/crt0.o (__libc_init_array)
d:/st/stm32cubeide_1.9.0/stm32cubeide/plugins/com.st.stm32cube.ide.mcu.externaltools.gnu-tools-for-stm32.10.3-2021.10.win32_1.0.0.202111181127/tools/bin/../lib/gcc/arm-none-eabi/10.3.1/../../../../arm-none-eabi/lib/thumb/v7-m/nofp\libc_nano.a(lib_a-memcpy-stub.o)
                              ./Src/GVRET.o (memcpy)
d:/st/stm32cubeide_1.9.0/stm32cubeide/plugins/com.st.stm32cube.ide.mcu.externaltools.gnu-tools-for-stm32.10.3-2021.10.win32_1.0.0.202111181127/tools/bin/../lib/gcc/arm-none-eabi/10.3.1/../../../../arm-none-eabi/lib/thumb/v7-m/nofp\libc_nano.a(lib_a-memset.o)
                              d:/st/stm32cubeide_1.9.0/stm32cubeide/plugins/com.st.stm32cube.ide.mcu.externaltools.gnu-tools-for-stm32.10.3-2021.10.win32_1.0.0.202111181127/tools/bin/../lib/gcc/arm-none-eabi/10.3.1/../../../../arm-none-eabi/lib/thumb/v7-m/nofp/crt0.o (memset)
d:/st/stm32cubeide_1.9.0/stm32cubeide/plugins/com.st.stm32cube.ide.mcu.externaltools.gnu-tools-for-stm32.10.3-2021.10.win32_1.0.0.202111181127/tools/bin/../lib/gcc/arm-none-eabi/10.3.1/../../../../arm-none-eabi/lib/thumb/v7-m/nofp\libc_nano.a(lib_a-strlen.o)
                              ./Src/GVRET.o (strlen)
d:/st/stm32cubeide_1.9.0/stm32cubeide/plugins/com.st.stm32cube.ide.mcu.externaltools.gnu-tools-for-stm32.10.3-2021.10.win32_1.0.0.202111181127/tools/bin/../lib/gcc/arm-none-eabi/10.3.1/../../../../arm-none-eabi/lib/thumb/v7-m/nofp\libm.a(lib_a-sf_round.o)
                              ./Src/GVRET.o (roundf)
d:/st/stm32cubeide_1.9.0/stm32cubeide/plugins/com.st.stm32cube.ide.mcu.externaltools.gnu-tools-for-stm32.10.3-2021.10.win32_1.0.0.202111181127/tools/bin/../lib/gcc/arm-none-eabi/10.3.1/thumb/v7-m/nofp\libgcc.a(_arm_mulsf3.o)
                              ./Src/GVRET.o (__aeabi_fmul)
d:/st/stm32cubeide_1.9.0/stm32cubeide/plugins/com.st.stm32cube.ide.mcu.externaltools.gnu-tools-for-stm32.10.3-2021.10.win32_1.0.0.202111181127/tools/bin/../lib/gcc/arm-none-eabi/10.3.1/thumb/v7-m/nofp\libgcc.a(_arm_addsubsf3.o)
                              ./Src/GVRET.o (__aeabi_fsub)
d:/st/stm32cubeide_1.9.0/stm32cubeide/plugins/com.st.stm32cube.ide.mcu.externaltools.gnu-tools-for-stm32.10.3-2021.10.win32_1.0.0.202111181127/tools/bin/../lib/gcc/arm-none-eabi/10.3.1/thumb/v7-m/nofp\libgcc.a(_arm_muldivsf3.o)
                              ./Src/GVRET.o (__aeabi_fdiv)
d:/st/stm32cubeide_1.9.0/stm32cubeide/plugins/com.st.stm32cube.ide.mcu.externaltools.gnu-tools-for-stm32.10.3-2021.10.win32_1.0.0.202111181127/tools/bin/../lib/gcc/arm-none-eabi/10.3.1/thumb/v7-m/nofp\libgcc.a(_arm_cmpsf2.o)
                              ./Src/GVRET.o (__aeabi_fcmpeq)
d:/st/stm32cubeide_1.9.0/stm32cubeide/plugins/com.st.stm32cube.ide.mcu.externaltools.gnu-tools-for-stm32.10.3-2021.10.win32_1.0.0.202111181127/tools/bin/../lib/gcc/arm-none-eabi/10.3.1/thumb/v7-m/nofp\libgcc.a(_arm_fixunssfsi.o)
                              ./Src/GVRET.o (__aeabi_f2uiz)
[...]
Memory Configuration

Name             Origin             Length             Attributes
RAM              0x0000000020000000 0x0000000000002800 xrw
FLASH            0x0000000008000000 0x0000000000008000 xr
*default*        0x0000000000000000 0xffffffffffffffff

Linker script and memory map

LOAD d:/st/stm32cubeide_1.9.0/stm32cubeide/plugins/com.st.stm32cube.ide.mcu.externaltools.gnu-tools-for-stm32.10.3-2021.10.win32_1.0.0.202111181127/tools/bin/../lib/gcc/arm-none-eabi/10.3.1/thumb/v7-m/nofp/crti.o
LOAD d:/st/stm32cubeide_1.9.0/stm32cubeide/plugins/com.st.stm32cube.ide.mcu.externaltools.gnu-tools-for-stm32.10.3-2021.10.win32_1.0.0.202111181127/tools/bin/../lib/gcc/arm-none-eabi/10.3.1/thumb/v7-m/nofp/crtbegin.o
LOAD d:/st/stm32cubeide_1.9.0/stm32cubeide/plugins/com.st.stm32cube.ide.mcu.externaltools.gnu-tools-for-stm32.10.3-2021.10.win32_1.0.0.202111181127/tools/bin/../lib/gcc/arm-none-eabi/10.3.1/../../../../arm-none-eabi/lib/thumb/v7-m/nofp/crt0.o
LOAD ./Drivers/STM32F1xx_HAL_Driver/Src/stm32f1xx_hal.o
LOAD ./Drivers/STM32F1xx_HAL_Driver/Src/stm32f1xx_hal_can.o
LOAD ./Drivers/STM32F1xx_HAL_Driver/Src/stm32f1xx_hal_cortex.o
LOAD ./Drivers/STM32F1xx_HAL_Driver/Src/stm32f1xx_hal_dma.o
LOAD ./Drivers/STM32F1xx_HAL_Driver/Src/stm32f1xx_hal_exti.o
LOAD ./Drivers/STM32F1xx_HAL_Driver/Src/stm32f1xx_hal_flash.o
LOAD ./Drivers/STM32F1xx_HAL_Driver/Src/stm32f1xx_hal_flash_ex.o
LOAD ./Drivers/STM32F1xx_HAL_Driver/Src/stm32f1xx_hal_gpio.o
LOAD ./Drivers/STM32F1xx_HAL_Driver/Src/stm32f1xx_hal_gpio_ex.o
LOAD ./Drivers/STM32F1xx_HAL_Driver/Src/stm32f1xx_hal_pwr.o
LOAD ./Drivers/STM32F1xx_HAL_Driver/Src/stm32f1xx_hal_rcc.o
LOAD ./Drivers/STM32F1xx_HAL_Driver/Src/stm32f1xx_hal_rcc_ex.o
LOAD ./Drivers/STM32F1xx_HAL_Driver/Src/stm32f1xx_hal_rtc.o
LOAD ./Drivers/STM32F1xx_HAL_Driver/Src/stm32f1xx_hal_rtc_ex.o
LOAD ./Drivers/STM32F1xx_HAL_Driver/Src/stm32f1xx_hal_spi.o
LOAD ./Drivers/STM32F1xx_HAL_Driver/Src/stm32f1xx_hal_tim.o
LOAD ./Drivers/STM32F1xx_HAL_Driver/Src/stm32f1xx_hal_tim_ex.o
LOAD ./Drivers/STM32F1xx_HAL_Driver/Src/stm32f1xx_hal_uart.o
LOAD ./Src/GVRET.o
LOAD ./Src/LIN.o
LOAD ./Src/button.o
LOAD ./Src/can.o
LOAD ./Src/dma.o
LOAD ./Src/gpio.o
LOAD ./Src/help.o
LOAD ./Src/main.o
LOAD ./Src/rtc.o
LOAD ./Src/stm32f1xx_hal_msp.o
LOAD ./Src/stm32f1xx_it.o
LOAD ./Src/syscalls.o
LOAD ./Src/system_stm32f1xx.o
LOAD ./Src/usart.o
LOAD ./startup/startup_stm32f103xb.o
START GROUP
LOAD d:/st/stm32cubeide_1.9.0/stm32cubeide/plugins/com.st.stm32cube.ide.mcu.externaltools.gnu-tools-for-stm32.10.3-2021.10.win32_1.0.0.202111181127/tools/bin/../lib/gcc/arm-none-eabi/10.3.1/../../../../arm-none-eabi/lib/thumb/v7-m/nofp\libc_nano.a
LOAD d:/st/stm32cubeide_1.9.0/stm32cubeide/plugins/com.st.stm32cube.ide.mcu.externaltools.gnu-tools-for-stm32.10.3-2021.10.win32_1.0.0.202111181127/tools/bin/../lib/gcc/arm-none-eabi/10.3.1/../../../../arm-none-eabi/lib/thumb/v7-m/nofp\libm.a
END GROUP
START GROUP
LOAD d:/st/stm32cubeide_1.9.0/stm32cubeide/plugins/com.st.stm32cube.ide.mcu.externaltools.gnu-tools-for-stm32.10.3-2021.10.win32_1.0.0.202111181127/tools/bin/../lib/gcc/arm-none-eabi/10.3.1/thumb/v7-m/nofp\libgcc.a
LOAD d:/st/stm32cubeide_1.9.0/stm32cubeide/plugins/com.st.stm32cube.ide.mcu.externaltools.gnu-tools-for-stm32.10.3-2021.10.win32_1.0.0.202111181127/tools/bin/../lib/gcc/arm-none-eabi/10.3.1/../../../../arm-none-eabi/lib/thumb/v7-m/nofp\libc_nano.a
END GROUP
START GROUP
LOAD d:/st/stm32cubeide_1.9.0/stm32cubeide/plugins/com.st.stm32cube.ide.mcu.externaltools.gnu-tools-for-stm32.10.3-2021.10.win32_1.0.0.202111181127/tools/bin/../lib/gcc/arm-none-eabi/10.3.1/thumb/v7-m/nofp\libgcc.a
LOAD d:/st/stm32cubeide_1.9.0/stm32cubeide/plugins/com.st.stm32cube.ide.mcu.externaltools.gnu-tools-for-stm32.10.3-2021.10.win32_1.0.0.202111181127/tools/bin/../lib/gcc/arm-none-eabi/10.3.1/../../../../arm-none-eabi/lib/thumb/v7-m/nofp\libc_nano.a
LOAD d:/st/stm32cubeide_1.9.0/stm32cubeide/plugins/com.st.stm32cube.ide.mcu.externaltools.gnu-tools-for-stm32.10.3-2021.10.win32_1.0.0.202111181127/tools/bin/../lib/gcc/arm-none-eabi/10.3.1/../../../../arm-none-eabi/lib/thumb/v7-m/nofp\libnosys.a
END GROUP
START GROUP
LOAD d:/st/stm32cubeide_1.9.0/stm32cubeide/plugins/com.st.stm32cube.ide.mcu.externaltools.gnu-tools-for-stm32.10.3-2021.10.win32_1.0.0.202111181127/tools/bin/../lib/gcc/arm-none-eabi/10.3.1/thumb/v7-m/nofp\libgcc.a
LOAD d:/st/stm32cubeide_1.9.0/stm32cubeide/plugins/com.st.stm32cube.ide.mcu.externaltools.gnu-tools-for-stm32.10.3-2021.10.win32_1.0.0.202111181127/tools/bin/../lib/gcc/arm-none-eabi/10.3.1/../../../../arm-none-eabi/lib/thumb/v7-m/nofp\libc_nano.a
LOAD d:/st/stm32cubeide_1.9.0/stm32cubeide/plugins/com.st.stm32cube.ide.mcu.externaltools.gnu-tools-for-stm32.10.3-2021.10.win32_1.0.0.202111181127/tools/bin/../lib/gcc/arm-none-eabi/10.3.1/../../../../arm-none-eabi/lib/thumb/v7-m/nofp\libnosys.a
END GROUP
LOAD d:/st/stm32cubeide_1.9.0/stm32cubeide/plugins/com.st.stm32cube.ide.mcu.externaltools.gnu-tools-for-stm32.10.3-2021.10.win32_1.0.0.202111181127/tools/bin/../lib/gcc/arm-none-eabi/10.3.1/thumb/v7-m/nofp/crtend.o
LOAD d:/st/stm32cubeide_1.9.0/stm32cubeide/plugins/com.st.stm32cube.ide.mcu.externaltools.gnu-tools-for-stm32.10.3-2021.10.win32_1.0.0.202111181127/tools/bin/../lib/gcc/arm-none-eabi/10.3.1/thumb/v7-m/nofp/crtn.o
                0x0000000020002800                _estack = (ORIGIN (RAM) + LENGTH (RAM))
                0x0000000000000200                _Min_Heap_Size = 0x200
                0x0000000000000400                _Min_Stack_Size = 0x400

.isr_vector     0x0000000008000000      0x10c
                0x0000000008000000                . = ALIGN (0x4)
 *(.isr_vector)
 .isr_vector    0x0000000008000000      0x10c ./startup/startup_stm32f103xb.o
                0x0000000008000000                g_pfnVectors
                0x000000000800010c                . = ALIGN (0x4)

.text           0x000000000800010c     0x45b8
                0x000000000800010c                . = ALIGN (0x4)
 *(.text)
 .text          0x000000000800010c       0x40 d:/st/stm32cubeide_1.9.0/stm32cubeide/plugins/com.st.stm32cube.ide.mcu.externaltools.gnu-tools-for-stm32.10.3-2021.10.win32_1.0.0.202111181127/tools/bin/../lib/gcc/arm-none-eabi/10.3.1/thumb/v7-m/nofp/crtbegin.o
 .text          0x000000000800014c       0x10 d:/st/stm32cubeide_1.9.0/stm32cubeide/plugins/com.st.stm32cube.ide.mcu.externaltools.gnu-tools-for-stm32.10.3-2021.10.win32_1.0.0.202111181127/tools/bin/../lib/gcc/arm-none-eabi/10.3.1/../../../../arm-none-eabi/lib/thumb/v7-m/nofp\libc_nano.a(lib_a-strlen.o)
                0x000000000800014c                strlen
 .text          0x000000000800015c      0x21c d:/st/stm32cubeide_1.9.0/stm32cubeide/plugins/com.st.stm32cube.ide.mcu.externaltools.gnu-tools-for-stm32.10.3-2021.10.win32_1.0.0.202111181127/tools/bin/../lib/gcc/arm-none-eabi/10.3.1/thumb/v7-m/nofp\libgcc.a(_arm_addsubsf3.o)
                0x000000000800015c                __aeabi_frsub
                0x0000000008000164                __subsf3
                0x0000000008000164                __aeabi_fsub
                0x0000000008000168                __aeabi_fadd
                0x0000000008000168                __addsf3
                0x00000000080002c8                __aeabi_ui2f
                0x00000000080002c8                __floatunsisf
                0x00000000080002d0                __aeabi_i2f
                0x00000000080002d0                __floatsisf
                0x00000000080002ec                __aeabi_ul2f
                0x00000000080002ec                __floatundisf
                0x00000000080002fc                __aeabi_l2f
                0x00000000080002fc                __floatdisf
 .text          0x0000000008000378      0x2a0 d:/st/stm32cubeide_1.9.0/stm32cubeide/plugins/com.st.stm32cube.ide.mcu.externaltools.gnu-tools-for-stm32.10.3-2021.10.win32_1.0.0.202111181127/tools/bin/../lib/gcc/arm-none-eabi/10.3.1/thumb/v7-m/nofp\libgcc.a(_arm_muldivsf3.o)
                0x0000000008000378                __mulsf3
                0x0000000008000378                __aeabi_fmul
                0x00000000080004e0                __aeabi_fdiv
                0x00000000080004e0                __divsf3
 .text          0x0000000008000618       0xec d:/st/stm32cubeide_1.9.0/stm32cubeide/plugins/com.st.stm32cube.ide.mcu.externaltools.gnu-tools-for-stm32.10.3-2021.10.win32_1.0.0.202111181127/tools/bin/../lib/gcc/arm-none-eabi/10.3.1/thumb/v7-m/nofp\libgcc.a(_arm_cmpsf2.o)
                0x0000000008000618                __gesf2
                0x0000000008000618                __gtsf2
                0x0000000008000620                __lesf2
                0x0000000008000620                __ltsf2
                0x0000000008000628                __nesf2
                0x0000000008000628                __eqsf2
                0x0000000008000628                __cmpsf2
                0x0000000008000688                __aeabi_cfrcmple
                0x0000000008000690                __aeabi_cfcmpeq
                0x0000000008000690                __aeabi_cfcmple
                0x00000000080006a0                __aeabi_fcmpeq
                0x00000000080006b4                __aeabi_fcmplt
                0x00000000080006c8                __aeabi_fcmple
                0x00000000080006dc                __aeabi_fcmpge
                0x00000000080006f0                __aeabi_fcmpgt
 .text          0x0000000008000704       0x40 d:/st/stm32cubeide_1.9.0/stm32cubeide/plugins/com.st.stm32cube.ide.mcu.externaltools.gnu-tools-for-stm32.10.3-2021.10.win32_1.0.0.202111181127/tools/bin/../lib/gcc/arm-none-eabi/10.3.1/thumb/v7-m/nofp\libgcc.a(_arm_fixunssfsi.o)
                0x0000000008000704                __fixunssfsi
                0x0000000008000704                __aeabi_f2uiz
 *(.text*)
 .text.HAL_InitTick
                0x0000000008000744       0x48 ./Drivers/STM32F1xx_HAL_Driver/Src/stm32f1xx_hal.o
                0x0000000008000744                HAL_InitTick
 .text.HAL_Init
                0x000000000800078c       0x24 ./Drivers/STM32F1xx_HAL_Driver/Src/stm32f1xx_hal.o
                0x000000000800078c                HAL_Init
 .text.HAL_IncTick
                0x00000000080007b0       0x18 ./Drivers/STM32F1xx_HAL_Driver/Src/stm32f1xx_hal.o
                0x00000000080007b0                HAL_IncTick
 .text.HAL_GetTick
                0x00000000080007c8        0xc ./Drivers/STM32F1xx_HAL_Driver/Src/stm32f1xx_hal.o
                0x00000000080007c8                HAL_GetTick
 .text.HAL_Delay
                0x00000000080007d4       0x24 ./Drivers/STM32F1xx_HAL_Driver/Src/stm32f1xx_hal.o
                0x00000000080007d4                HAL_Delay
 .text.HAL_CAN_Init
                0x00000000080007f8       0xf6 ./Drivers/STM32F1xx_HAL_Driver/Src/stm32f1xx_hal_can.o
                0x00000000080007f8                HAL_CAN_Init
 .text.HAL_CAN_ConfigFilter
                0x00000000080008ee       0xde ./Drivers/STM32F1xx_HAL_Driver/Src/stm32f1xx_hal_can.o
                0x00000000080008ee                HAL_CAN_ConfigFilter
 .text.HAL_CAN_Start
                0x00000000080009cc       0x5c ./Drivers/STM32F1xx_HAL_Driver/Src/stm32f1xx_hal_can.o
                0x00000000080009cc                HAL_CAN_Start
 .text.HAL_CAN_Stop
                0x0000000008000a28       0x5c ./Drivers/STM32F1xx_HAL_Driver/Src/stm32f1xx_hal_can.o
                0x0000000008000a28                HAL_CAN_Stop
 .text.HAL_CAN_DeInit
                0x0000000008000a84       0x28 ./Drivers/STM32F1xx_HAL_Driver/Src/stm32f1xx_hal_can.o
                0x0000000008000a84                HAL_CAN_DeInit
 .text.HAL_CAN_AddTxMessage
                0x0000000008000aac       0x9c ./Drivers/STM32F1xx_HAL_Driver/Src/stm32f1xx_hal_can.o
                0x0000000008000aac                HAL_CAN_AddTxMessage
 .text.HAL_CAN_GetRxMessage
                0x0000000008000b48       0xee ./Drivers/STM32F1xx_HAL_Driver/Src/stm32f1xx_hal_can.o
                0x0000000008000b48                HAL_CAN_GetRxMessage
 .text.HAL_CAN_ActivateNotification
                0x0000000008000c36       0x22 ./Drivers/STM32F1xx_HAL_Driver/Src/stm32f1xx_hal_can.o
                0x0000000008000c36                HAL_CAN_ActivateNotification
 .text.HAL_CAN_TxMailbox0AbortCallback
                0x0000000008000c58        0x2 ./Drivers/STM32F1xx_HAL_Driver/Src/stm32f1xx_hal_can.o
                0x0000000008000c58                HAL_CAN_TxMailbox0AbortCallback
 .text.HAL_CAN_TxMailbox1AbortCallback
                0x0000000008000c5a        0x2 ./Drivers/STM32F1xx_HAL_Driver/Src/stm32f1xx_hal_can.o
                0x0000000008000c5a                HAL_CAN_TxMailbox1AbortCallback
 .text.HAL_CAN_TxMailbox2AbortCallback
                0x0000000008000c5c        0x2 ./Drivers/STM32F1xx_HAL_Driver/Src/stm32f1xx_hal_can.o
                0x0000000008000c5c                HAL_CAN_TxMailbox2AbortCallback
 .text.HAL_CAN_SleepCallback
                0x0000000008000c5e        0x2 ./Drivers/STM32F1xx_HAL_Driver/Src/stm32f1xx_hal_can.o
                0x0000000008000c5e                HAL_CAN_SleepCallback
 .text.HAL_CAN_WakeUpFromRxMsgCallback
                0x0000000008000c60        0x2 ./Drivers/STM32F1xx_HAL_Driver/Src/stm32f1xx_hal_can.o
                0x0000000008000c60                HAL_CAN_WakeUpFromRxMsgCallback
 .text.HAL_CAN_IRQHandler
                0x0000000008000c62      0x1fc ./Drivers/STM32F1xx_HAL_Driver/Src/stm32f1xx_hal_can.o
                0x0000000008000c62                HAL_CAN_IRQHandler
 .text.HAL_CAN_GetState
                0x0000000008000e5e       0x26 ./Drivers/STM32F1xx_HAL_Driver/Src/stm32f1xx_hal_can.o
                0x0000000008000e5e                HAL_CAN_GetState
 .text.HAL_CAN_ResetError
                0x0000000008000e84       0x1e ./Drivers/STM32F1xx_HAL_Driver/Src/stm32f1xx_hal_can.o
                0x0000000008000e84                HAL_CAN_ResetError
 *fill*         0x0000000008000ea2        0x2 
 .text.HAL_NVIC_SetPriorityGrouping
                0x0000000008000ea4       0x24 ./Drivers/STM32F1xx_HAL_Driver/Src/stm32f1xx_hal_cortex.o
                0x0000000008000ea4                HAL_NVIC_SetPriorityGrouping
 .text.HAL_NVIC_SetPriority
                0x0000000008000ec8       0x64 ./Drivers/STM32F1xx_HAL_Driver/Src/stm32f1xx_hal_cortex.o
                0x0000000008000ec8                HAL_NVIC_SetPriority
 .text.HAL_NVIC_EnableIRQ
                0x0000000008000f2c       0x1c ./Drivers/STM32F1xx_HAL_Driver/Src/stm32f1xx_hal_cortex.o
                0x0000000008000f2c                HAL_NVIC_EnableIRQ
 .text.HAL_NVIC_DisableIRQ
                0x0000000008000f48       0x28 ./Drivers/STM32F1xx_HAL_Driver/Src/stm32f1xx_hal_cortex.o
                0x0000000008000f48                HAL_NVIC_DisableIRQ
 .text.HAL_SYSTICK_Config
                0x0000000008000f70       0x28 ./Drivers/STM32F1xx_HAL_Driver/Src/stm32f1xx_hal_cortex.o
                0x0000000008000f70                HAL_SYSTICK_Config
 .text.HAL_DMA_Init
                0x0000000008000f98       0x5c ./Drivers/STM32F1xx_HAL_Driver/Src/stm32f1xx_hal_dma.o
                0x0000000008000f98                HAL_DMA_Init
 .text.HAL_DMA_DeInit
                0x0000000008000ff4       0x50 ./Drivers/STM32F1xx_HAL_Driver/Src/stm32f1xx_hal_dma.o
                0x0000000008000ff4                HAL_DMA_DeInit
 .text.HAL_DMA_Start_IT
                0x0000000008001044       0x78 ./Drivers/STM32F1xx_HAL_Driver/Src/stm32f1xx_hal_dma.o
                0x0000000008001044                HAL_DMA_Start_IT
 .text.HAL_DMA_Abort_IT
                0x00000000080010bc       0x8c ./Drivers/STM32F1xx_HAL_Driver/Src/stm32f1xx_hal_dma.o
                0x00000000080010bc                HAL_DMA_Abort_IT
 .text.HAL_DMA_IRQHandler
                0x0000000008001148      0x124 ./Drivers/STM32F1xx_HAL_Driver/Src/stm32f1xx_hal_dma.o
                0x0000000008001148                HAL_DMA_IRQHandler
 .text.HAL_GPIO_Init
                0x000000000800126c      0x1b4 ./Drivers/STM32F1xx_HAL_Driver/Src/stm32f1xx_hal_gpio.o
                0x000000000800126c                HAL_GPIO_Init
 .text.HAL_GPIO_DeInit
                0x0000000008001420       0xdc ./Drivers/STM32F1xx_HAL_Driver/Src/stm32f1xx_hal_gpio.o
                0x0000000008001420                HAL_GPIO_DeInit
 .text.HAL_GPIO_ReadPin
                0x00000000080014fc        0xc ./Drivers/STM32F1xx_HAL_Driver/Src/stm32f1xx_hal_gpio.o
                0x00000000080014fc                HAL_GPIO_ReadPin
 .text.HAL_PWR_EnableBkUpAccess
                0x0000000008001508        0xc ./Drivers/STM32F1xx_HAL_Driver/Src/stm32f1xx_hal_pwr.o
                0x0000000008001508                HAL_PWR_EnableBkUpAccess
 .text.HAL_RCC_OscConfig
                0x0000000008001514      0x338 ./Drivers/STM32F1xx_HAL_Driver/Src/stm32f1xx_hal_rcc.o
                0x0000000008001514                HAL_RCC_OscConfig
 .text.HAL_RCC_GetSysClockFreq
                0x000000000800184c       0x74 ./Drivers/STM32F1xx_HAL_Driver/Src/stm32f1xx_hal_rcc.o
                0x000000000800184c                HAL_RCC_GetSysClockFreq
 .text.HAL_RCC_ClockConfig
                0x00000000080018c0      0x138 ./Drivers/STM32F1xx_HAL_Driver/Src/stm32f1xx_hal_rcc.o
                0x00000000080018c0                HAL_RCC_ClockConfig
 .text.HAL_RCC_GetPCLK1Freq
                0x00000000080019f8       0x20 ./Drivers/STM32F1xx_HAL_Driver/Src/stm32f1xx_hal_rcc.o
                0x00000000080019f8                HAL_RCC_GetPCLK1Freq
 .text.HAL_RCC_GetPCLK2Freq
                0x0000000008001a18       0x20 ./Drivers/STM32F1xx_HAL_Driver/Src/stm32f1xx_hal_rcc.o
                0x0000000008001a18                HAL_RCC_GetPCLK2Freq
 .text.HAL_RCCEx_PeriphCLKConfig
                0x0000000008001a38       0xf4 ./Drivers/STM32F1xx_HAL_Driver/Src/stm32f1xx_hal_rcc_ex.o
                0x0000000008001a38                HAL_RCCEx_PeriphCLKConfig
 .text.HAL_RCCEx_GetPeriphCLKFreq
                0x0000000008001b2c       0xe4 ./Drivers/STM32F1xx_HAL_Driver/Src/stm32f1xx_hal_rcc_ex.o
                0x0000000008001b2c                HAL_RCCEx_GetPeriphCLKFreq
 .text.RTC_EnterInitMode
                0x0000000008001c10       0x2e ./Drivers/STM32F1xx_HAL_Driver/Src/stm32f1xx_hal_rtc.o
 .text.RTC_ExitInitMode
                0x0000000008001c3e       0x30 ./Drivers/STM32F1xx_HAL_Driver/Src/stm32f1xx_hal_rtc.o
 .text.HAL_RTC_WaitForSynchro
                0x0000000008001c6e       0x36 ./Drivers/STM32F1xx_HAL_Driver/Src/stm32f1xx_hal_rtc.o
                0x0000000008001c6e                HAL_RTC_WaitForSynchro
 .text.HAL_RTC_Init
                0x0000000008001ca4       0x9c ./Drivers/STM32F1xx_HAL_Driver/Src/stm32f1xx_hal_rtc.o
                0x0000000008001ca4                HAL_RTC_Init
 .text.UART_EndRxTransfer
                0x0000000008001d40       0x1a ./Drivers/STM32F1xx_HAL_Driver/Src/stm32f1xx_hal_uart.o
 *fill*         0x0000000008001d5a        0x2 
 .text.UART_SetConfig
                0x0000000008001d5c       0x80 ./Drivers/STM32F1xx_HAL_Driver/Src/stm32f1xx_hal_uart.o
 .text.HAL_UART_Init
                0x0000000008001ddc       0x5c ./Drivers/STM32F1xx_HAL_Driver/Src/stm32f1xx_hal_uart.o
                0x0000000008001ddc                HAL_UART_Init
 .text.HAL_LIN_Init
                0x0000000008001e38       0x76 ./Drivers/STM32F1xx_HAL_Driver/Src/stm32f1xx_hal_uart.o
                0x0000000008001e38                HAL_LIN_Init
 .text.HAL_UART_DeInit
                0x0000000008001eae       0x30 ./Drivers/STM32F1xx_HAL_Driver/Src/stm32f1xx_hal_uart.o
                0x0000000008001eae                HAL_UART_DeInit
 *fill*         0x0000000008001ede        0x2 
 .text.HAL_UART_Transmit_DMA
                0x0000000008001ee0       0x74 ./Drivers/STM32F1xx_HAL_Driver/Src/stm32f1xx_hal_uart.o
                0x0000000008001ee0                HAL_UART_Transmit_DMA
 .text.UART_DMATransmitCplt
                0x0000000008001f54       0x2c ./Drivers/STM32F1xx_HAL_Driver/Src/stm32f1xx_hal_uart.o
 .text.HAL_UART_TxHalfCpltCallback
                0x0000000008001f80        0x2 ./Drivers/STM32F1xx_HAL_Driver/Src/stm32f1xx_hal_uart.o
                0x0000000008001f80                HAL_UART_TxHalfCpltCallback
 .text.UART_DMATxHalfCplt
                0x0000000008001f82        0xa ./Drivers/STM32F1xx_HAL_Driver/Src/stm32f1xx_hal_uart.o
 .text.HAL_UART_RxCpltCallback
                0x0000000008001f8c        0x2 ./Drivers/STM32F1xx_HAL_Driver/Src/stm32f1xx_hal_uart.o
                0x0000000008001f8c                HAL_UART_RxCpltCallback
 .text.UART_Receive_IT.isra.0
                0x0000000008001f8e       0x70 ./Drivers/STM32F1xx_HAL_Driver/Src/stm32f1xx_hal_uart.o
 .text.HAL_UART_ErrorCallback
                0x0000000008001ffe        0x2 ./Drivers/STM32F1xx_HAL_Driver/Src/stm32f1xx_hal_uart.o
                0x0000000008001ffe                HAL_UART_ErrorCallback
 .text.UART_DMAError
                0x0000000008002000       0x4a ./Drivers/STM32F1xx_HAL_Driver/Src/stm32f1xx_hal_uart.o
 *fill*         0x000000000800204a        0x2 
 .text.HAL_UART_IRQHandler
                0x000000000800204c      0x140 ./Drivers/STM32F1xx_HAL_Driver/Src/stm32f1xx_hal_uart.o
                0x000000000800204c                HAL_UART_IRQHandler
 .text.UART_DMAAbortOnError
                0x000000000800218c       0x10 ./Drivers/STM32F1xx_HAL_Driver/Src/stm32f1xx_hal_uart.o
 .text.CAN_Buffer_Init
                0x000000000800219c       0x14 ./Src/GVRET.o
                0x000000000800219c                CAN_Buffer_Init
 .text.CAN_Buffer_Write_Data
                0x00000000080021b0       0x5c ./Src/GVRET.o
                0x00000000080021b0                CAN_Buffer_Write_Data
 .text.CAN_Log_Buffer_Write_Data
                0x000000000800220c       0x5c ./Src/GVRET.o
                0x000000000800220c                CAN_Log_Buffer_Write_Data
 .text.HexTo4bits
                0x0000000008002268       0x16 ./Src/GVRET.o
                0x0000000008002268                HexTo4bits
 .text.HexToShort
                0x000000000800227e       0x2e ./Src/GVRET.o
                0x000000000800227e                HexToShort
 .text.ShortToHex
                0x00000000080022ac       0x1c ./Src/GVRET.o
                0x00000000080022ac                ShortToHex
 .text.BuildFrameToUSB
                0x00000000080022c8      0x154 ./Src/GVRET.o
                0x00000000080022c8                BuildFrameToUSB
 .text.CAN_Buffer_pull
                0x000000000800241c       0x74 ./Src/GVRET.o
                0x000000000800241c                CAN_Buffer_pull
 .text.SetFilterCAN
                0x0000000008002490       0x54 ./Src/GVRET.o
                0x0000000008002490                SetFilterCAN
 .text.Open_LIN_cannel
                0x00000000080024e4       0x50 ./Src/GVRET.o
                0x00000000080024e4                Open_LIN_cannel
 .text.Close_LIN_cannel
                0x0000000008002534       0x34 ./Src/GVRET.o
                0x0000000008002534                Close_LIN_cannel
 .text.Close_CAN_cannel
                0x0000000008002568       0x14 ./Src/GVRET.o
                0x0000000008002568                Close_CAN_cannel
 .text.Change_CAN_channel
                0x000000000800257c       0x1c ./Src/GVRET.o
                0x000000000800257c                Change_CAN_channel
 .text.HAL_CAN_TxMailbox0CompleteCallback
                0x0000000008002598        0x2 ./Src/GVRET.o
                0x0000000008002598                HAL_CAN_TxMailbox0CompleteCallback
 .text.HAL_CAN_TxMailbox1CompleteCallback
                0x000000000800259a        0x2 ./Src/GVRET.o
                0x000000000800259a                HAL_CAN_TxMailbox1CompleteCallback
 .text.HAL_CAN_TxMailbox2CompleteCallback
                0x000000000800259c        0x2 ./Src/GVRET.o
                0x000000000800259c                HAL_CAN_TxMailbox2CompleteCallback
 *fill*         0x000000000800259e        0x2 
 .text.STM_bxCAN_calc
                0x00000000080025a0      0x12c ./Src/GVRET.o
                0x00000000080025a0                STM_bxCAN_calc
 .text.CAN_Init_Custom
                0x00000000080026cc      0x128 ./Src/GVRET.o
                0x00000000080026cc                CAN_Init_Custom
 .text.Open_CAN_cannel
                0x00000000080027f4       0x4c ./Src/GVRET.o
                0x00000000080027f4                Open_CAN_cannel
 .text.exec_usb_cmd
                0x0000000008002840      0x9d4 ./Src/GVRET.o
                0x0000000008002840                exec_usb_cmd
 .text.Check_Command
                0x0000000008003214      0x610 ./Src/GVRET.o
                0x0000000008003214                Check_Command
 .text.lin_calc_pid
                0x0000000008003824       0x36 ./Src/LIN.o
                0x0000000008003824                lin_calc_pid
 .text.lin_calc_checksumm
                0x000000000800385a       0x20 ./Src/LIN.o
                0x000000000800385a                lin_calc_checksumm
 *fill*         0x000000000800387a        0x2 
 .text.lin_msg_parse
                0x000000000800387c       0xac ./Src/LIN.o
                0x000000000800387c                lin_msg_parse
 .text.lin_msg_received
                0x0000000008003928       0x50 ./Src/LIN.o
                0x0000000008003928                lin_msg_received
 .text.lin_break_detect
                0x0000000008003978       0x30 ./Src/LIN.o
                0x0000000008003978                lin_break_detect
 .text.lin_idle_detect
                0x00000000080039a8       0x18 ./Src/LIN.o
                0x00000000080039a8                lin_idle_detect
 .text.lin_fault_detect
                0x00000000080039c0       0x10 ./Src/LIN.o
                0x00000000080039c0                lin_fault_detect
 .text.lin_add_slave_msg
                0x00000000080039d0       0x68 ./Src/LIN.o
                0x00000000080039d0                lin_add_slave_msg
 .text.lin_check_slave_answer
                0x0000000008003a38       0x3c ./Src/LIN.o
                0x0000000008003a38                lin_check_slave_answer
 .text.lin_byte_received
                0x0000000008003a74       0x54 ./Src/LIN.o
                0x0000000008003a74                lin_byte_received
 .text.MX_CAN_Init
                0x0000000008003ac8       0x34 ./Src/can.o
                0x0000000008003ac8                MX_CAN_Init
 .text.HAL_CAN_MspInit
                0x0000000008003afc       0x98 ./Src/can.o
                0x0000000008003afc                HAL_CAN_MspInit
 .text.HAL_CAN_MspDeInit
                0x0000000008003b94       0x38 ./Src/can.o
                0x0000000008003b94                HAL_CAN_MspDeInit
 .text.MX_DMA_Init
                0x0000000008003bcc       0x50 ./Src/dma.o
                0x0000000008003bcc                MX_DMA_Init
 .text.MX_GPIO_Init
                0x0000000008003c1c        0x2 ./Src/gpio.o
                0x0000000008003c1c                MX_GPIO_Init
 *fill*         0x0000000008003c1e        0x2 
 .text.UART_Check_Data_Ready
                0x0000000008003c20       0xbc ./Src/main.o
                0x0000000008003c20                UART_Check_Data_Ready
 .text.HAL_UART_TxCpltCallback
                0x0000000008003cdc       0x10 ./Src/main.o
                0x0000000008003cdc                HAL_UART_TxCpltCallback
 .text.HAL_CAN_RxFifo1MsgPendingCallback
                0x0000000008003cec       0x74 ./Src/main.o
                0x0000000008003cec                HAL_CAN_RxFifo1MsgPendingCallback
 .text.HAL_CAN_RxFifo0MsgPendingCallback
                0x0000000008003d60       0x74 ./Src/main.o
                0x0000000008003d60                HAL_CAN_RxFifo0MsgPendingCallback
 .text.HAL_CAN_RxFifo0FullCallback
                0x0000000008003dd4        0x4 ./Src/main.o
                0x0000000008003dd4                HAL_CAN_RxFifo0FullCallback
 .text.HAL_CAN_RxFifo1FullCallback
                0x0000000008003dd8        0x4 ./Src/main.o
                0x0000000008003dd8                HAL_CAN_RxFifo1FullCallback
 .text.HAL_CAN_ErrorCallback
                0x0000000008003ddc        0x2 ./Src/main.o
                0x0000000008003ddc                HAL_CAN_ErrorCallback
 .text.SystemClock_Config
                0x0000000008003dde       0x74 ./Src/main.o
                0x0000000008003dde                SystemClock_Config
 *fill*         0x0000000008003e52        0x2 
 .text.startup.main
                0x0000000008003e54      0x1ec ./Src/main.o
                0x0000000008003e54                main
 .text.Error_Handler
                0x0000000008004040        0x2 ./Src/main.o
                0x0000000008004040                Error_Handler
 *fill*         0x0000000008004042        0x2 
 .text.MX_RTC_Init
                0x0000000008004044       0x2c ./Src/rtc.o
                0x0000000008004044                MX_RTC_Init
 .text.HAL_RTC_MspInit
                0x0000000008004070       0x3c ./Src/rtc.o
                0x0000000008004070                HAL_RTC_MspInit
 .text.HAL_MspInit
                0x00000000080040ac       0x44 ./Src/stm32f1xx_hal_msp.o
                0x00000000080040ac                HAL_MspInit
 .text.NMI_Handler
                0x00000000080040f0        0x2 ./Src/stm32f1xx_it.o
                0x00000000080040f0                NMI_Handler
 .text.HardFault_Handler
                0x00000000080040f2        0x2 ./Src/stm32f1xx_it.o
                0x00000000080040f2                HardFault_Handler
 .text.MemManage_Handler
                0x00000000080040f4        0x2 ./Src/stm32f1xx_it.o
                0x00000000080040f4                MemManage_Handler
 .text.BusFault_Handler
                0x00000000080040f6        0x2 ./Src/stm32f1xx_it.o
                0x00000000080040f6                BusFault_Handler
 .text.UsageFault_Handler
                0x00000000080040f8        0x2 ./Src/stm32f1xx_it.o
                0x00000000080040f8                UsageFault_Handler
 .text.SVC_Handler
                0x00000000080040fa        0x2 ./Src/stm32f1xx_it.o
                0x00000000080040fa                SVC_Handler
 .text.DebugMon_Handler
                0x00000000080040fc        0x2 ./Src/stm32f1xx_it.o
                0x00000000080040fc                DebugMon_Handler
 .text.PendSV_Handler
                0x00000000080040fe        0x2 ./Src/stm32f1xx_it.o
                0x00000000080040fe                PendSV_Handler
 .text.SysTick_Handler
                0x0000000008004100       0x40 ./Src/stm32f1xx_it.o
                0x0000000008004100                SysTick_Handler
 .text.DMA1_Channel2_IRQHandler
                0x0000000008004140        0xc ./Src/stm32f1xx_it.o
                0x0000000008004140                DMA1_Channel2_IRQHandler
 .text.DMA1_Channel4_IRQHandler
                0x000000000800414c        0xc ./Src/stm32f1xx_it.o
                0x000000000800414c                DMA1_Channel4_IRQHandler
 .text.DMA1_Channel7_IRQHandler
                0x0000000008004158        0xc ./Src/stm32f1xx_it.o
                0x0000000008004158                DMA1_Channel7_IRQHandler
 .text.USB_LP_CAN1_RX0_IRQHandler
                0x0000000008004164        0xc ./Src/stm32f1xx_it.o
                0x0000000008004164                USB_LP_CAN1_RX0_IRQHandler
 .text.USART1_IRQHandler
                0x0000000008004170       0x60 ./Src/stm32f1xx_it.o
                0x0000000008004170                USART1_IRQHandler
 .text.USART2_IRQHandler
                0x00000000080041d0        0xc ./Src/stm32f1xx_it.o
                0x00000000080041d0                USART2_IRQHandler
 .text.USART3_IRQHandler
                0x00000000080041dc       0x58 ./Src/stm32f1xx_it.o
                0x00000000080041dc                USART3_IRQHandler
 .text.SystemInit
                0x0000000008004234       0x4c ./Src/system_stm32f1xx.o
                0x0000000008004234                SystemInit
 .text.MX_USART1_UART_Init
                0x0000000008004280       0x34 ./Src/usart.o
                0x0000000008004280                MX_USART1_UART_Init
 .text.MX_USART2_UART_Init
                0x00000000080042b4       0x38 ./Src/usart.o
                0x00000000080042b4                MX_USART2_UART_Init
 .text.MX_USART3_UART_Init
                0x00000000080042ec       0x38 ./Src/usart.o
                0x00000000080042ec                MX_USART3_UART_Init
 .text.HAL_UART_MspInit
                0x0000000008004324      0x1e8 ./Src/usart.o
                0x0000000008004324                HAL_UART_MspInit
 .text.HAL_UART_MspDeInit
                0x000000000800450c       0x94 ./Src/usart.o
                0x000000000800450c                HAL_UART_MspDeInit
 .text.Reset_Handler
                0x00000000080045a0       0x48 ./startup/startup_stm32f103xb.o
                0x00000000080045a0                Reset_Handler
 .text.Default_Handler
                0x00000000080045e8        0x2 ./startup/startup_stm32f103xb.o
                0x00000000080045e8                RTC_Alarm_IRQHandler
                0x00000000080045e8                EXTI2_IRQHandler
                0x00000000080045e8                TIM1_CC_IRQHandler
                0x00000000080045e8                PVD_IRQHandler
                0x00000000080045e8                EXTI3_IRQHandler
                0x00000000080045e8                EXTI0_IRQHandler
                0x00000000080045e8                I2C2_EV_IRQHandler
                0x00000000080045e8                ADC1_2_IRQHandler
                0x00000000080045e8                SPI1_IRQHandler
                0x00000000080045e8                TAMPER_IRQHandler
                0x00000000080045e8                RTC_IRQHandler
                0x00000000080045e8                CAN1_RX1_IRQHandler
                0x00000000080045e8                TIM4_IRQHandler
                0x00000000080045e8                I2C1_EV_IRQHandler
                0x00000000080045e8                DMA1_Channel6_IRQHandler
                0x00000000080045e8                TIM3_IRQHandler
                0x00000000080045e8                RCC_IRQHandler
                0x00000000080045e8                TIM1_TRG_COM_IRQHandler
                0x00000000080045e8                DMA1_Channel1_IRQHandler
                0x00000000080045e8                Default_Handler
                0x00000000080045e8                EXTI15_10_IRQHandler
                0x00000000080045e8                EXTI9_5_IRQHandler
                0x00000000080045e8                SPI2_IRQHandler
                0x00000000080045e8                DMA1_Channel5_IRQHandler
                0x00000000080045e8                EXTI4_IRQHandler
                0x00000000080045e8                USB_HP_CAN1_TX_IRQHandler
                0x00000000080045e8                DMA1_Channel3_IRQHandler
                0x00000000080045e8                TIM1_UP_IRQHandler
                0x00000000080045e8                WWDG_IRQHandler
                0x00000000080045e8                TIM2_IRQHandler
                0x00000000080045e8                TIM1_BRK_IRQHandler
                0x00000000080045e8                EXTI1_IRQHandler
                0x00000000080045e8                I2C2_ER_IRQHandler
                0x00000000080045e8                CAN1_SCE_IRQHandler
                0x00000000080045e8                FLASH_IRQHandler
                0x00000000080045e8                I2C1_ER_IRQHandler
                0x00000000080045e8                USBWakeUp_IRQHandler
 *fill*         0x00000000080045ea        0x2 
 .text.__libc_init_array
                0x00000000080045ec       0x48 d:/st/stm32cubeide_1.9.0/stm32cubeide/plugins/com.st.stm32cube.ide.mcu.externaltools.gnu-tools-for-stm32.10.3-2021.10.win32_1.0.0.202111181127/tools/bin/../lib/gcc/arm-none-eabi/10.3.1/../../../../arm-none-eabi/lib/thumb/v7-m/nofp\libc_nano.a(lib_a-init.o)
                0x00000000080045ec                __libc_init_array
 .text.memcpy   0x0000000008004634       0x1c d:/st/stm32cubeide_1.9.0/stm32cubeide/plugins/com.st.stm32cube.ide.mcu.externaltools.gnu-tools-for-stm32.10.3-2021.10.win32_1.0.0.202111181127/tools/bin/../lib/gcc/arm-none-eabi/10.3.1/../../../../arm-none-eabi/lib/thumb/v7-m/nofp\libc_nano.a(lib_a-memcpy-stub.o)
                0x0000000008004634                memcpy
 .text.memset   0x0000000008004650       0x10 d:/st/stm32cubeide_1.9.0/stm32cubeide/plugins/com.st.stm32cube.ide.mcu.externaltools.gnu-tools-for-stm32.10.3-2021.10.win32_1.0.0.202111181127/tools/bin/../lib/gcc/arm-none-eabi/10.3.1/../../../../arm-none-eabi/lib/thumb/v7-m/nofp\libc_nano.a(lib_a-memset.o)
                0x0000000008004650                memset
 .text.roundf   0x0000000008004660       0x4c d:/st/stm32cubeide_1.9.0/stm32cubeide/plugins/com.st.stm32cube.ide.mcu.externaltools.gnu-tools-for-stm32.10.3-2021.10.win32_1.0.0.202111181127/tools/bin/../lib/gcc/arm-none-eabi/10.3.1/../../../../arm-none-eabi/lib/thumb/v7-m/nofp\libm.a(lib_a-sf_round.o)
                0x0000000008004660                roundf
 *(.glue_7)
 .glue_7        0x00000000080046ac        0x0 linker stubs
 *(.glue_7t)
 .glue_7t       0x00000000080046ac        0x0 linker stubs
 *(.eh_frame)
 .eh_frame      0x00000000080046ac        0x0 d:/st/stm32cubeide_1.9.0/stm32cubeide/plugins/com.st.stm32cube.ide.mcu.externaltools.gnu-tools-for-stm32.10.3-2021.10.win32_1.0.0.202111181127/tools/bin/../lib/gcc/arm-none-eabi/10.3.1/thumb/v7-m/nofp/crtbegin.o
 *(.init)
 .init          0x00000000080046ac        0x4 d:/st/stm32cubeide_1.9.0/stm32cubeide/plugins/com.st.stm32cube.ide.mcu.externaltools.gnu-tools-for-stm32.10.3-2021.10.win32_1.0.0.202111181127/tools/bin/../lib/gcc/arm-none-eabi/10.3.1/thumb/v7-m/nofp/crti.o
                0x00000000080046ac                _init
 .init          0x00000000080046b0        0x8 d:/st/stm32cubeide_1.9.0/stm32cubeide/plugins/com.st.stm32cube.ide.mcu.externaltools.gnu-tools-for-stm32.10.3-2021.10.win32_1.0.0.202111181127/tools/bin/../lib/gcc/arm-none-eabi/10.3.1/thumb/v7-m/nofp/crtn.o
 *(.fini)
 .fini          0x00000000080046b8        0x4 d:/st/stm32cubeide_1.9.0/stm32cubeide/plugins/com.st.stm32cube.ide.mcu.externaltools.gnu-tools-for-stm32.10.3-2021.10.win32_1.0.0.202111181127/tools/bin/../lib/gcc/arm-none-eabi/10.3.1/thumb/v7-m/nofp/crti.o
                0x00000000080046b8                _fini
 .fini          0x00000000080046bc        0x8 d:/st/stm32cubeide_1.9.0/stm32cubeide/plugins/com.st.stm32cube.ide.mcu.externaltools.gnu-tools-for-stm32.10.3-2021.10.win32_1.0.0.202111181127/tools/bin/../lib/gcc/arm-none-eabi/10.3.1/thumb/v7-m/nofp/crtn.o
                0x00000000080046c4                . = ALIGN (0x4)
                0x00000000080046c4                _etext = .

.vfp11_veneer   0x00000000080046c4        0x0
 .vfp11_veneer  0x00000000080046c4        0x0 linker stubs

.v4_bx          0x00000000080046c4        0x0
 .v4_bx         0x00000000080046c4        0x0 linker stubs

.iplt           0x00000000080046c4        0x0
 .iplt          0x00000000080046c4        0x0 d:/st/stm32cubeide_1.9.0/stm32cubeide/plugins/com.st.stm32cube.ide.mcu.externaltools.gnu-tools-for-stm32.10.3-2021.10.win32_1.0.0.202111181127/tools/bin/../lib/gcc/arm-none-eabi/10.3.1/thumb/v7-m/nofp/crtbegin.o

.rodata         0x00000000080046c4      0x520
                0x00000000080046c4                . = ALIGN (0x4)
 *(.rodata)
 *(.rodata*)
 .rodata.HAL_RCC_GetSysClockFreq.str1.1
                0x00000000080046c4       0x11 ./Drivers/STM32F1xx_HAL_Driver/Src/stm32f1xx_hal_rcc.o
 .rodata.HAL_RCCEx_GetPeriphCLKFreq.str1.1
                0x00000000080046d5       0x11 ./Drivers/STM32F1xx_HAL_Driver/Src/stm32f1xx_hal_rcc_ex.o
 .rodata.help_text
                0x00000000080046d5      0x4f7 ./Src/help.o
                0x00000000080046d5                help_text
 .rodata.AHBPrescTable
                0x0000000008004bcc       0x10 ./Src/system_stm32f1xx.o
                0x0000000008004bcc                AHBPrescTable
 .rodata.APBPrescTable
                0x0000000008004bdc        0x8 ./Src/system_stm32f1xx.o
                0x0000000008004bdc                APBPrescTable
                0x0000000008004be4                . = ALIGN (0x4)

.rel.dyn        0x0000000008004be4        0x0
 .rel.iplt      0x0000000008004be4        0x0 d:/st/stm32cubeide_1.9.0/stm32cubeide/plugins/com.st.stm32cube.ide.mcu.externaltools.gnu-tools-for-stm32.10.3-2021.10.win32_1.0.0.202111181127/tools/bin/../lib/gcc/arm-none-eabi/10.3.1/thumb/v7-m/nofp/crtbegin.o

.ARM.extab      0x0000000008004be4        0x0
                0x0000000008004be4                . = ALIGN (0x4)
 *(.ARM.extab* .gnu.linkonce.armextab.*)
                0x0000000008004be4                . = ALIGN (0x4)

.ARM            0x0000000008004be4        0x0
                0x0000000008004be4                . = ALIGN (0x4)
                0x0000000008004be4                __exidx_start = .
 *(.ARM.exidx*)
                0x0000000008004be4                __exidx_end = .
                0x0000000008004be4                . = ALIGN (0x4)

.preinit_array  0x0000000008004be4        0x0
                0x0000000008004be4                . = ALIGN (0x4)
                0x0000000008004be4                PROVIDE (__preinit_array_start = .)
 *(.preinit_array*)
                0x0000000008004be4                PROVIDE (__preinit_array_end = .)
                0x0000000008004be4                . = ALIGN (0x4)

.init_array     0x0000000008004be4        0x4
                0x0000000008004be4                . = ALIGN (0x4)
                0x0000000008004be4                PROVIDE (__init_array_start = .)
 *(SORT_BY_NAME(.init_array.*))
 *(.init_array*)
 .init_array    0x0000000008004be4        0x4 d:/st/stm32cubeide_1.9.0/stm32cubeide/plugins/com.st.stm32cube.ide.mcu.externaltools.gnu-tools-for-stm32.10.3-2021.10.win32_1.0.0.202111181127/tools/bin/../lib/gcc/arm-none-eabi/10.3.1/thumb/v7-m/nofp/crtbegin.o
                0x0000000008004be8                PROVIDE (__init_array_end = .)
                0x0000000008004be8                . = ALIGN (0x4)

.fini_array     0x0000000008004be8        0x4
                0x0000000008004be8                . = ALIGN (0x4)
                [!provide]                        PROVIDE (__fini_array_start = .)
 *(SORT_BY_NAME(.fini_array.*))
 *(.fini_array*)
 .fini_array    0x0000000008004be8        0x4 d:/st/stm32cubeide_1.9.0/stm32cubeide/plugins/com.st.stm32cube.ide.mcu.externaltools.gnu-tools-for-stm32.10.3-2021.10.win32_1.0.0.202111181127/tools/bin/../lib/gcc/arm-none-eabi/10.3.1/thumb/v7-m/nofp/crtbegin.o
                [!provide]                        PROVIDE (__fini_array_end = .)
                0x0000000008004bec                . = ALIGN (0x4)
                0x0000000008004bec                _sidata = LOADADDR (.data)

.data           0x0000000020000000        0xc load address 0x0000000008004bec
                0x0000000020000000                . = ALIGN (0x4)
                0x0000000020000000                _sdata = .
 *(.data)
 *(.data*)
 .data.uwTickFreq
                0x0000000020000000        0x1 ./Drivers/STM32F1xx_HAL_Driver/Src/stm32f1xx_hal.o
                0x0000000020000000                uwTickFreq
 *fill*         0x0000000020000001        0x3 
 .data.uwTickPrio
                0x0000000020000004        0x4 ./Drivers/STM32F1xx_HAL_Driver/Src/stm32f1xx_hal.o
                0x0000000020000004                uwTickPrio
 .data.SystemCoreClock
                0x0000000020000008        0x4 ./Src/system_stm32f1xx.o
                0x0000000020000008                SystemCoreClock
 *(.RamFunc)
 *(.RamFunc*)
                0x000000002000000c                . = ALIGN (0x4)
                0x000000002000000c                _edata = .

.igot.plt       0x000000002000000c        0x0 load address 0x0000000008004bf8
 .igot.plt      0x000000002000000c        0x0 d:/st/stm32cubeide_1.9.0/stm32cubeide/plugins/com.st.stm32cube.ide.mcu.externaltools.gnu-tools-for-stm32.10.3-2021.10.win32_1.0.0.202111181127/tools/bin/../lib/gcc/arm-none-eabi/10.3.1/thumb/v7-m/nofp/crtbegin.o
                0x000000002000000c                . = ALIGN (0x4)

.bss            0x0000000020000010     0x2034 load address 0x0000000008004bf8
                0x0000000020000010                _sbss = .
                0x0000000020000010                __bss_start__ = _sbss
 *(.bss)
 .bss           0x0000000020000010       0x1c d:/st/stm32cubeide_1.9.0/stm32cubeide/plugins/com.st.stm32cube.ide.mcu.externaltools.gnu-tools-for-stm32.10.3-2021.10.win32_1.0.0.202111181127/tools/bin/../lib/gcc/arm-none-eabi/10.3.1/thumb/v7-m/nofp/crtbegin.o
 *(.bss*)
 .bss.uwTick    0x000000002000002c        0x4 ./Drivers/STM32F1xx_HAL_Driver/Src/stm32f1xx_hal.o
                0x000000002000002c                uwTick
 .bss.CAN_Buffer
                0x0000000020000030      0xb48 ./Src/GVRET.o
                0x0000000020000030                CAN_Buffer
 .bss.CAN_Log_Buffer
                0x0000000020000b78      0xb48 ./Src/GVRET.o
                0x0000000020000b78                CAN_Log_Buffer
 .bss.CAN_TxHeader
                0x00000000200016c0       0x18 ./Src/GVRET.o
                0x00000000200016c0                CAN_TxHeader
 .bss.CAN_mailbox
                0x00000000200016d8        0x4 ./Src/GVRET.o
                0x00000000200016d8                CAN_mailbox
 .bss.CAN_status
                0x00000000200016dc        0x1 ./Src/GVRET.o
                0x00000000200016dc                CAN_status
 .bss.buf_ind   0x00000000200016dd        0x1 ./Src/GVRET.o
                0x00000000200016dd                buf_ind
 *fill*         0x00000000200016de        0x2 
 .bss.build_int.0
                0x00000000200016e0        0x4 ./Src/GVRET.o
 *fill*         0x00000000200016e4        0x4 
 .bss.can_tx_msg
                0x00000000200016e8       0x30 ./Src/GVRET.o
                0x00000000200016e8                can_tx_msg
 .bss.cmd_buf   0x0000000020001718       0x1e ./Src/GVRET.o
                0x0000000020001718                cmd_buf
 *fill*         0x0000000020001736        0x2 
 .bss.eeprom_settings
                0x0000000020001738       0x64 ./Src/GVRET.o
                0x0000000020001738                eeprom_settings
 .bss.serialCnt.3
                0x000000002000179c        0x4 ./Src/GVRET.o
 .bss.state.2   0x00000000200017a0        0x1 ./Src/GVRET.o
 *fill*         0x00000000200017a1        0x3 
 .bss.step.1    0x00000000200017a4        0x4 ./Src/GVRET.o
 .bss.lin_slave_buf
                0x00000000200017a8      0x160 ./Src/LIN.o
                0x00000000200017a8                lin_slave_buf
 .bss.lin_stat  0x0000000020001908        0xe ./Src/LIN.o
                0x0000000020001908                lin_stat
 *fill*         0x0000000020001916        0x2 
 .bss.hcan      0x0000000020001918       0x28 ./Src/can.o
                0x0000000020001918                hcan
 .bss.can_rx_buf
                0x0000000020001940       0x60 ./Src/main.o
                0x0000000020001940                can_rx_buf
 .bss.conf      0x00000000200019a0       0x34 ./Src/main.o
                0x00000000200019a0                conf
 .bss.huart_active
                0x00000000200019d4        0x4 ./Src/main.o
                0x00000000200019d4                huart_active
 .bss.huart_lin
                0x00000000200019d8        0x4 ./Src/main.o
                0x00000000200019d8                huart_lin
 *fill*         0x00000000200019dc        0x4 
 .bss.time_stamp_LED
                0x00000000200019e0        0x8 ./Src/main.o
                0x00000000200019e0                time_stamp_LED
 .bss.time_stamp_UART
                0x00000000200019e8        0x8 ./Src/main.o
                0x00000000200019e8                time_stamp_UART
 .bss.uart_answ_ready
                0x00000000200019f0        0x1 ./Src/main.o
                0x00000000200019f0                uart_answ_ready
 .bss.uart_busy
                0x00000000200019f1        0x1 ./Src/main.o
                0x00000000200019f1                uart_busy
 .bss.uart_rx_bufer
                0x00000000200019f2      0x400 ./Src/main.o
                0x00000000200019f2                uart_rx_bufer
 .bss.uart_rx_char
                0x0000000020001df2        0x1 ./Src/main.o
                0x0000000020001df2                uart_rx_char
 *fill*         0x0000000020001df3        0x1 
 .bss.uart_rx_pointer_r
                0x0000000020001df4        0x4 ./Src/main.o
                0x0000000020001df4                uart_rx_pointer_r
 .bss.uart_rx_pointer_w
                0x0000000020001df8        0x4 ./Src/main.o
                0x0000000020001df8                uart_rx_pointer_w
 .bss.uart_tx_bufer
                0x0000000020001dfc       0x80 ./Src/main.o
                0x0000000020001dfc                uart_tx_bufer
 .bss.uart_tx_com_bufer
                0x0000000020001e7c       0x20 ./Src/main.o
                0x0000000020001e7c                uart_tx_com_bufer
 .bss.uart_tx_pointer
                0x0000000020001e9c        0x4 ./Src/main.o
                0x0000000020001e9c                uart_tx_pointer
 .bss.hrtc      0x0000000020001ea0       0x14 ./Src/rtc.o
                0x0000000020001ea0                hrtc
 .bss.FatFsCnt  0x0000000020001eb4        0x1 ./Src/stm32f1xx_it.o
                0x0000000020001eb4                FatFsCnt
 .bss.Timer1    0x0000000020001eb5        0x1 ./Src/stm32f1xx_it.o
                0x0000000020001eb5                Timer1
 .bss.Timer2    0x0000000020001eb6        0x1 ./Src/stm32f1xx_it.o
                0x0000000020001eb6                Timer2
 *fill*         0x0000000020001eb7        0x1 
 .bss.hdma_usart1_tx
                0x0000000020001eb8       0x44 ./Src/usart.o
                0x0000000020001eb8                hdma_usart1_tx
 .bss.hdma_usart2_tx
                0x0000000020001efc       0x44 ./Src/usart.o
                0x0000000020001efc                hdma_usart2_tx
 .bss.hdma_usart3_tx
                0x0000000020001f40       0x44 ./Src/usart.o
                0x0000000020001f40                hdma_usart3_tx
 .bss.huart1    0x0000000020001f84       0x40 ./Src/usart.o
                0x0000000020001f84                huart1
 .bss.huart2    0x0000000020001fc4       0x40 ./Src/usart.o
                0x0000000020001fc4                huart2
 .bss.huart3    0x0000000020002004       0x40 ./Src/usart.o
                0x0000000020002004                huart3
 *(COMMON)
                0x0000000020002044                . = ALIGN (0x4)
                0x0000000020002044                _ebss = .
                0x0000000020002044                __bss_end__ = _ebss

._user_heap_stack
                0x0000000020002044      0x604 load address 0x0000000008004bf8
                0x0000000020002048                . = ALIGN (0x8)
 *fill*         0x0000000020002044        0x4 
                0x0000000020002048                PROVIDE (end = .)
                [!provide]                        PROVIDE (_end = .)
                0x0000000020002248                . = (. + _Min_Heap_Size)
 *fill*         0x0000000020002048      0x200 
                0x0000000020002648                . = (. + _Min_Stack_Size)
 *fill*         0x0000000020002248      0x400 
                0x0000000020002648                . = ALIGN (0x8)

/DISCARD/
 libc.a(*)
 libm.a(*)
 libgcc.a(*)

.ARM.attributes
                0x0000000000000000       0x29
 *(.ARM.attributes)
 .ARM.attributes
                0x0000000000000000       0x1d d:/st/stm32cubeide_1.9.0/stm32cubeide/plugins/com.st.stm32cube.ide.mcu.externaltools.gnu-tools-for-stm32.10.3-2021.10.win32_1.0.0.202111181127/tools/bin/../lib/gcc/arm-none-eabi/10.3.1/thumb/v7-m/nofp/crti.o
 .ARM.attributes
                0x000000000000001d       0x2d d:/st/stm32cubeide_1.9.0/stm32cubeide/plugins/com.st.stm32cube.ide.mcu.externaltools.gnu-tools-for-stm32.10.3-2021.10.win32_1.0.0.202111181127/tools/bin/../lib/gcc/arm-none-eabi/10.3.1/thumb/v7-m/nofp/crtbegin.o
 .ARM.attributes
                0x000000000000004a       0x2d ./Drivers/STM32F1xx_HAL_Driver/Src/stm32f1xx_hal.o
 .ARM.attributes
                0x0000000000000077       0x2d ./Drivers/STM32F1xx_HAL_Driver/Src/stm32f1xx_hal_can.o
 .ARM.attributes
                0x00000000000000a4       0x2d ./Drivers/STM32F1xx_HAL_Driver/Src/stm32f1xx_hal_cortex.o
 .ARM.attributes
                0x00000000000000d1       0x2d ./Drivers/STM32F1xx_HAL_Driver/Src/stm32f1xx_hal_dma.o
 .ARM.attributes
                0x00000000000000fe       0x2d ./Drivers/STM32F1xx_HAL_Driver/Src/stm32f1xx_hal_gpio.o
 .ARM.attributes
                0x000000000000012b       0x2d ./Drivers/STM32F1xx_HAL_Driver/Src/stm32f1xx_hal_pwr.o
 .ARM.attributes
                0x0000000000000158       0x2d ./Drivers/STM32F1xx_HAL_Driver/Src/stm32f1xx_hal_rcc.o
 .ARM.attributes
                0x0000000000000185       0x2d ./Drivers/STM32F1xx_HAL_Driver/Src/stm32f1xx_hal_rcc_ex.o
 .ARM.attributes
                0x00000000000001b2       0x2d ./Drivers/STM32F1xx_HAL_Driver/Src/stm32f1xx_hal_rtc.o
 .ARM.attributes
                0x00000000000001df       0x2d ./Drivers/STM32F1xx_HAL_Driver/Src/stm32f1xx_hal_uart.o
 .ARM.attributes
                0x000000000000020c       0x2d ./Src/GVRET.o
 .ARM.attributes
                0x0000000000000239       0x2d ./Src/LIN.o
 .ARM.attributes
                0x0000000000000266       0x2d ./Src/can.o
 .ARM.attributes
                0x0000000000000293       0x2d ./Src/dma.o
 .ARM.attributes
                0x00000000000002c0       0x2d ./Src/gpio.o
 .ARM.attributes
                0x00000000000002ed       0x2d ./Src/help.o
 .ARM.attributes
                0x000000000000031a       0x2d ./Src/main.o
 .ARM.attributes
                0x0000000000000347       0x2d ./Src/rtc.o
 .ARM.attributes
                0x0000000000000374       0x2d ./Src/stm32f1xx_hal_msp.o
 .ARM.attributes
                0x00000000000003a1       0x2d ./Src/stm32f1xx_it.o
 .ARM.attributes
                0x00000000000003ce       0x2d ./Src/system_stm32f1xx.o
 .ARM.attributes
                0x00000000000003fb       0x2d ./Src/usart.o
 .ARM.attributes
                0x0000000000000428       0x21 ./startup/startup_stm32f103xb.o
 .ARM.attributes
                0x0000000000000449       0x2d d:/st/stm32cubeide_1.9.0/stm32cubeide/plugins/com.st.stm32cube.ide.mcu.externaltools.gnu-tools-for-stm32.10.3-2021.10.win32_1.0.0.202111181127/tools/bin/../lib/gcc/arm-none-eabi/10.3.1/../../../../arm-none-eabi/lib/thumb/v7-m/nofp\libc_nano.a(lib_a-init.o)
 .ARM.attributes
                0x0000000000000476       0x2d d:/st/stm32cubeide_1.9.0/stm32cubeide/plugins/com.st.stm32cube.ide.mcu.externaltools.gnu-tools-for-stm32.10.3-2021.10.win32_1.0.0.202111181127/tools/bin/../lib/gcc/arm-none-eabi/10.3.1/../../../../arm-none-eabi/lib/thumb/v7-m/nofp\libc_nano.a(lib_a-memcpy-stub.o)
 .ARM.attributes
                0x00000000000004a3       0x2d d:/st/stm32cubeide_1.9.0/stm32cubeide/plugins/com.st.stm32cube.ide.mcu.externaltools.gnu-tools-for-stm32.10.3-2021.10.win32_1.0.0.202111181127/tools/bin/../lib/gcc/arm-none-eabi/10.3.1/../../../../arm-none-eabi/lib/thumb/v7-m/nofp\libc_nano.a(lib_a-memset.o)
 .ARM.attributes
                0x00000000000004d0       0x17 d:/st/stm32cubeide_1.9.0/stm32cubeide/plugins/com.st.stm32cube.ide.mcu.externaltools.gnu-tools-for-stm32.10.3-2021.10.win32_1.0.0.202111181127/tools/bin/../lib/gcc/arm-none-eabi/10.3.1/../../../../arm-none-eabi/lib/thumb/v7-m/nofp\libc_nano.a(lib_a-strlen.o)
 .ARM.attributes
                0x00000000000004e7       0x2d d:/st/stm32cubeide_1.9.0/stm32cubeide/plugins/com.st.stm32cube.ide.mcu.externaltools.gnu-tools-for-stm32.10.3-2021.10.win32_1.0.0.202111181127/tools/bin/../lib/gcc/arm-none-eabi/10.3.1/../../../../arm-none-eabi/lib/thumb/v7-m/nofp\libm.a(lib_a-sf_round.o)
 .ARM.attributes
                0x0000000000000514       0x1d d:/st/stm32cubeide_1.9.0/stm32cubeide/plugins/com.st.stm32cube.ide.mcu.externaltools.gnu-tools-for-stm32.10.3-2021.10.win32_1.0.0.202111181127/tools/bin/../lib/gcc/arm-none-eabi/10.3.1/thumb/v7-m/nofp\libgcc.a(_arm_addsubsf3.o)
 .ARM.attributes
                0x0000000000000531       0x1d d:/st/stm32cubeide_1.9.0/stm32cubeide/plugins/com.st.stm32cube.ide.mcu.externaltools.gnu-tools-for-stm32.10.3-2021.10.win32_1.0.0.202111181127/tools/bin/../lib/gcc/arm-none-eabi/10.3.1/thumb/v7-m/nofp\libgcc.a(_arm_muldivsf3.o)
 .ARM.attributes
                0x000000000000054e       0x1d d:/st/stm32cubeide_1.9.0/stm32cubeide/plugins/com.st.stm32cube.ide.mcu.externaltools.gnu-tools-for-stm32.10.3-2021.10.win32_1.0.0.202111181127/tools/bin/../lib/gcc/arm-none-eabi/10.3.1/thumb/v7-m/nofp\libgcc.a(_arm_cmpsf2.o)
 .ARM.attributes
                0x000000000000056b       0x1d d:/st/stm32cubeide_1.9.0/stm32cubeide/plugins/com.st.stm32cube.ide.mcu.externaltools.gnu-tools-for-stm32.10.3-2021.10.win32_1.0.0.202111181127/tools/bin/../lib/gcc/arm-none-eabi/10.3.1/thumb/v7-m/nofp\libgcc.a(_arm_fixunssfsi.o)
 .ARM.attributes
                0x0000000000000588       0x1d d:/st/stm32cubeide_1.9.0/stm32cubeide/plugins/com.st.stm32cube.ide.mcu.externaltools.gnu-tools-for-stm32.10.3-2021.10.win32_1.0.0.202111181127/tools/bin/../lib/gcc/arm-none-eabi/10.3.1/thumb/v7-m/nofp/crtn.o
OUTPUT(CAN_USB.elf elf32-littlearm)
LOAD linker stubs
LOAD d:/st/stm32cubeide_1.9.0/stm32cubeide/plugins/com.st.stm32cube.ide.mcu.externaltools.gnu-tools-for-stm32.10.3-2021.10.win32_1.0.0.202111181127/tools/bin/../lib/gcc/arm-none-eabi/10.3.1/../../../../arm-none-eabi/lib/thumb/v7-m/nofp\libc.a
LOAD d:/st/stm32cubeide_1.9.0/stm32cubeide/plugins/com.st.stm32cube.ide.mcu.externaltools.gnu-tools-for-stm32.10.3-2021.10.win32_1.0.0.202111181127/tools/bin/../lib/gcc/arm-none-eabi/10.3.1/../../../../arm-none-eabi/lib/thumb/v7-m/nofp\libm.a
LOAD d:/st/stm32cubeide_1.9.0/stm32cubeide/plugins/com.st.stm32cube.ide.mcu.externaltools.gnu-tools-for-stm32.10.3-2021.10.win32_1.0.0.202111181127/tools/bin/../lib/gcc/arm-none-eabi/10.3.1/thumb/v7-m/nofp\libgcc.a

.debug_info     0x0000000000000000     0xfa70
 .debug_info    0x0000000000000000      0x808 ./Drivers/STM32F1xx_HAL_Driver/Src/stm32f1xx_hal.o
 .debug_info    0x0000000000000808     0x1202 ./Drivers/STM32F1xx_HAL_Driver/Src/stm32f1xx_hal_can.o
 .debug_info    0x0000000000001a0a      0xd6a ./Drivers/STM32F1xx_HAL_Driver/Src/stm32f1xx_hal_cortex.o
 .debug_info    0x0000000000002774      0x856 ./Drivers/STM32F1xx_HAL_Driver/Src/stm32f1xx_hal_dma.o
 .debug_info    0x0000000000002fca      0x654 ./Drivers/STM32F1xx_HAL_Driver/Src/stm32f1xx_hal_gpio.o
 .debug_info    0x000000000000361e      0x6a5 ./Drivers/STM32F1xx_HAL_Driver/Src/stm32f1xx_hal_pwr.o
 .debug_info    0x0000000000003cc3      0xa89 ./Drivers/STM32F1xx_HAL_Driver/Src/stm32f1xx_hal_rcc.o
 .debug_info    0x000000000000474c      0x43f ./Drivers/STM32F1xx_HAL_Driver/Src/stm32f1xx_hal_rcc_ex.o
 .debug_info    0x0000000000004b8b     0x148f ./Drivers/STM32F1xx_HAL_Driver/Src/stm32f1xx_hal_rtc.o
 .debug_info    0x000000000000601a     0x18a2 ./Drivers/STM32F1xx_HAL_Driver/Src/stm32f1xx_hal_uart.o
 .debug_info    0x00000000000078bc     0x26b0 ./Src/GVRET.o
 .debug_info    0x0000000000009f6c      0xe21 ./Src/LIN.o
 .debug_info    0x000000000000ad8d      0xa44 ./Src/can.o
 .debug_info    0x000000000000b7d1      0x372 ./Src/dma.o
 .debug_info    0x000000000000bb43       0x89 ./Src/gpio.o
 .debug_info    0x000000000000bbcc       0x5d ./Src/help.o
 .debug_info    0x000000000000bc29     0x1a9a ./Src/main.o
 .debug_info    0x000000000000d6c3      0x46a ./Src/rtc.o
 .debug_info    0x000000000000db2d      0x209 ./Src/stm32f1xx_hal_msp.o
 .debug_info    0x000000000000dd36      0xbf0 ./Src/stm32f1xx_it.o
 .debug_info    0x000000000000e926      0x40b ./Src/system_stm32f1xx.o
 .debug_info    0x000000000000ed31      0xd1d ./Src/usart.o
 .debug_info    0x000000000000fa4e       0x22 ./startup/startup_stm32f103xb.o

.debug_abbrev   0x0000000000000000     0x342f
 .debug_abbrev  0x0000000000000000      0x277 ./Drivers/STM32F1xx_HAL_Driver/Src/stm32f1xx_hal.o
 .debug_abbrev  0x0000000000000277      0x2f8 ./Drivers/STM32F1xx_HAL_Driver/Src/stm32f1xx_hal_can.o
 .debug_abbrev  0x000000000000056f      0x352 ./Drivers/STM32F1xx_HAL_Driver/Src/stm32f1xx_hal_cortex.o
 .debug_abbrev  0x00000000000008c1      0x253 ./Drivers/STM32F1xx_HAL_Driver/Src/stm32f1xx_hal_dma.o
 .debug_abbrev  0x0000000000000b14      0x1e7 ./Drivers/STM32F1xx_HAL_Driver/Src/stm32f1xx_hal_gpio.o
 .debug_abbrev  0x0000000000000cfb      0x1e1 ./Drivers/STM32F1xx_HAL_Driver/Src/stm32f1xx_hal_pwr.o
 .debug_abbrev  0x0000000000000edc      0x2f5 ./Drivers/STM32F1xx_HAL_Driver/Src/stm32f1xx_hal_rcc.o
 .debug_abbrev  0x00000000000011d1      0x1d3 ./Drivers/STM32F1xx_HAL_Driver/Src/stm32f1xx_hal_rcc_ex.o
 .debug_abbrev  0x00000000000013a4      0x33e ./Drivers/STM32F1xx_HAL_Driver/Src/stm32f1xx_hal_rtc.o
 .debug_abbrev  0x00000000000016e2      0x343 ./Drivers/STM32F1xx_HAL_Driver/Src/stm32f1xx_hal_uart.o
 .debug_abbrev  0x0000000000001a25      0x57e ./Src/GVRET.o
 .debug_abbrev  0x0000000000001fa3      0x2ef ./Src/LIN.o
 .debug_abbrev  0x0000000000002292      0x27e ./Src/can.o
 .debug_abbrev  0x0000000000002510      0x11f ./Src/dma.o
 .debug_abbrev  0x000000000000262f       0x47 ./Src/gpio.o
 .debug_abbrev  0x0000000000002676       0x4a ./Src/help.o
 .debug_abbrev  0x00000000000026c0      0x4bc ./Src/main.o
 .debug_abbrev  0x0000000000002b7c      0x1d5 ./Src/rtc.o
 .debug_abbrev  0x0000000000002d51       0xe4 ./Src/stm32f1xx_hal_msp.o
 .debug_abbrev  0x0000000000002e35      0x27c ./Src/stm32f1xx_it.o
 .debug_abbrev  0x00000000000030b1      0x141 ./Src/system_stm32f1xx.o
 .debug_abbrev  0x00000000000031f2      0x22b ./Src/usart.o
 .debug_abbrev  0x000000000000341d       0x12 ./startup/startup_stm32f103xb.o

.debug_loc      0x0000000000000000     0x7058
 .debug_loc     0x0000000000000000      0x139 ./Drivers/STM32F1xx_HAL_Driver/Src/stm32f1xx_hal.o
 .debug_loc     0x0000000000000139      0xbb6 ./Drivers/STM32F1xx_HAL_Driver/Src/stm32f1xx_hal_can.o
 .debug_loc     0x0000000000000cef      0x4c5 ./Drivers/STM32F1xx_HAL_Driver/Src/stm32f1xx_hal_cortex.o
 .debug_loc     0x00000000000011b4      0x717 ./Drivers/STM32F1xx_HAL_Driver/Src/stm32f1xx_hal_dma.o
 .debug_loc     0x00000000000018cb      0x3e1 ./Drivers/STM32F1xx_HAL_Driver/Src/stm32f1xx_hal_gpio.o
 .debug_loc     0x0000000000001cac       0xe3 ./Drivers/STM32F1xx_HAL_Driver/Src/stm32f1xx_hal_pwr.o
 .debug_loc     0x0000000000001d8f      0x5f1 ./Drivers/STM32F1xx_HAL_Driver/Src/stm32f1xx_hal_rcc.o
 .debug_loc     0x0000000000002380      0x38c ./Drivers/STM32F1xx_HAL_Driver/Src/stm32f1xx_hal_rcc_ex.o
 .debug_loc     0x000000000000270c     0x135b ./Drivers/STM32F1xx_HAL_Driver/Src/stm32f1xx_hal_rtc.o
 .debug_loc     0x0000000000003a67     0x1603 ./Drivers/STM32F1xx_HAL_Driver/Src/stm32f1xx_hal_uart.o
 .debug_loc     0x000000000000506a     0x15f8 ./Src/GVRET.o
 .debug_loc     0x0000000000006662      0x45b ./Src/LIN.o
 .debug_loc     0x0000000000006abd       0x99 ./Src/can.o
 .debug_loc     0x0000000000006b56      0x2ed ./Src/main.o
 .debug_loc     0x0000000000006e43       0x25 ./Src/rtc.o
 .debug_loc     0x0000000000006e68       0x15 ./Src/stm32f1xx_hal_msp.o
 .debug_loc     0x0000000000006e7d       0x5f ./Src/stm32f1xx_it.o
 .debug_loc     0x0000000000006edc       0xe7 ./Src/system_stm32f1xx.o
 .debug_loc     0x0000000000006fc3       0x95 ./Src/usart.o

.debug_aranges  0x0000000000000000      0xa60
 .debug_aranges
                0x0000000000000000       0xd8 ./Drivers/STM32F1xx_HAL_Driver/Src/stm32f1xx_hal.o
 .debug_aranges
                0x00000000000000d8       0xc8 ./Drivers/STM32F1xx_HAL_Driver/Src/stm32f1xx_hal_can.o
 .debug_aranges
                0x00000000000001a0       0x90 ./Drivers/STM32F1xx_HAL_Driver/Src/stm32f1xx_hal_cortex.o
 .debug_aranges
                0x0000000000000230       0x78 ./Drivers/STM32F1xx_HAL_Driver/Src/stm32f1xx_hal_dma.o
 .debug_aranges
                0x00000000000002a8       0x58 ./Drivers/STM32F1xx_HAL_Driver/Src/stm32f1xx_hal_gpio.o
 .debug_aranges
                0x0000000000000300       0xa8 ./Drivers/STM32F1xx_HAL_Driver/Src/stm32f1xx_hal_pwr.o
 .debug_aranges
                0x00000000000003a8       0x88 ./Drivers/STM32F1xx_HAL_Driver/Src/stm32f1xx_hal_rcc.o
 .debug_aranges
                0x0000000000000430       0x30 ./Drivers/STM32F1xx_HAL_Driver/Src/stm32f1xx_hal_rcc_ex.o
 .debug_aranges
                0x0000000000000460       0xd8 ./Drivers/STM32F1xx_HAL_Driver/Src/stm32f1xx_hal_rtc.o
 .debug_aranges
                0x0000000000000538      0x170 ./Drivers/STM32F1xx_HAL_Driver/Src/stm32f1xx_hal_uart.o
 .debug_aranges
                0x00000000000006a8       0xe8 ./Src/GVRET.o
 .debug_aranges
                0x0000000000000790       0x70 ./Src/LIN.o
 .debug_aranges
                0x0000000000000800       0x30 ./Src/can.o
 .debug_aranges
                0x0000000000000830       0x20 ./Src/dma.o
 .debug_aranges
                0x0000000000000850       0x20 ./Src/gpio.o
 .debug_aranges
                0x0000000000000870       0x18 ./Src/help.o
 .debug_aranges
                0x0000000000000888       0x78 ./Src/main.o
 .debug_aranges
                0x0000000000000900       0x30 ./Src/rtc.o
 .debug_aranges
                0x0000000000000930       0x20 ./Src/stm32f1xx_hal_msp.o
 .debug_aranges
                0x0000000000000950       0x80 ./Src/stm32f1xx_it.o
 .debug_aranges
                0x00000000000009d0       0x28 ./Src/system_stm32f1xx.o
 .debug_aranges
                0x00000000000009f8       0x40 ./Src/usart.o
 .debug_aranges
                0x0000000000000a38       0x28 ./startup/startup_stm32f103xb.o

.debug_ranges   0x0000000000000000      0xf80
 .debug_ranges  0x0000000000000000       0xc8 ./Drivers/STM32F1xx_HAL_Driver/Src/stm32f1xx_hal.o
 .debug_ranges  0x00000000000000c8       0xd0 ./Drivers/STM32F1xx_HAL_Driver/Src/stm32f1xx_hal_can.o
 .debug_ranges  0x0000000000000198      0x148 ./Drivers/STM32F1xx_HAL_Driver/Src/stm32f1xx_hal_cortex.o
 .debug_ranges  0x00000000000002e0       0x98 ./Drivers/STM32F1xx_HAL_Driver/Src/stm32f1xx_hal_dma.o
 .debug_ranges  0x0000000000000378       0x68 ./Drivers/STM32F1xx_HAL_Driver/Src/stm32f1xx_hal_gpio.o
 .debug_ranges  0x00000000000003e0       0x98 ./Drivers/STM32F1xx_HAL_Driver/Src/stm32f1xx_hal_pwr.o
 .debug_ranges  0x0000000000000478       0xc0 ./Drivers/STM32F1xx_HAL_Driver/Src/stm32f1xx_hal_rcc.o
 .debug_ranges  0x0000000000000538       0x58 ./Drivers/STM32F1xx_HAL_Driver/Src/stm32f1xx_hal_rcc_ex.o
 .debug_ranges  0x0000000000000590      0x128 ./Drivers/STM32F1xx_HAL_Driver/Src/stm32f1xx_hal_rtc.o
 .debug_ranges  0x00000000000006b8      0x198 ./Drivers/STM32F1xx_HAL_Driver/Src/stm32f1xx_hal_uart.o
 .debug_ranges  0x0000000000000850      0x2b0 ./Src/GVRET.o
 .debug_ranges  0x0000000000000b00       0xd0 ./Src/LIN.o
 .debug_ranges  0x0000000000000bd0       0x58 ./Src/can.o
 .debug_ranges  0x0000000000000c28       0x40 ./Src/dma.o
 .debug_ranges  0x0000000000000c68       0x10 ./Src/gpio.o
 .debug_ranges  0x0000000000000c78       0xd8 ./Src/main.o
 .debug_ranges  0x0000000000000d50       0x38 ./Src/rtc.o
 .debug_ranges  0x0000000000000d88       0x58 ./Src/stm32f1xx_hal_msp.o
 .debug_ranges  0x0000000000000de0       0x70 ./Src/stm32f1xx_it.o
 .debug_ranges  0x0000000000000e50       0x18 ./Src/system_stm32f1xx.o
 .debug_ranges  0x0000000000000e68       0xf8 ./Src/usart.o
 .debug_ranges  0x0000000000000f60       0x20 ./startup/startup_stm32f103xb.o

.debug_macro    0x0000000000000000    0x15b30
 .debug_macro   0x0000000000000000      0x1d1 ./Drivers/STM32F1xx_HAL_Driver/Src/stm32f1xx_hal.o
 .debug_macro   0x00000000000001d1      0xa6c ./Drivers/STM32F1xx_HAL_Driver/Src/stm32f1xx_hal.o
 .debug_macro   0x0000000000000c3d      0x22d ./Drivers/STM32F1xx_HAL_Driver/Src/stm32f1xx_hal.o
 .debug_macro   0x0000000000000e6a       0x2e ./Drivers/STM32F1xx_HAL_Driver/Src/stm32f1xx_hal.o
 .debug_macro   0x0000000000000e98       0x22 ./Drivers/STM32F1xx_HAL_Driver/Src/stm32f1xx_hal.o
 .debug_macro   0x0000000000000eba       0x22 ./Drivers/STM32F1xx_HAL_Driver/Src/stm32f1xx_hal.o
 .debug_macro   0x0000000000000edc       0x8e ./Drivers/STM32F1xx_HAL_Driver/Src/stm32f1xx_hal.o
 .debug_macro   0x0000000000000f6a       0x51 ./Drivers/STM32F1xx_HAL_Driver/Src/stm32f1xx_hal.o
 .debug_macro   0x0000000000000fbb      0x103 ./Drivers/STM32F1xx_HAL_Driver/Src/stm32f1xx_hal.o
 .debug_macro   0x00000000000010be       0x6a ./Drivers/STM32F1xx_HAL_Driver/Src/stm32f1xx_hal.o
 .debug_macro   0x0000000000001128      0x1df ./Drivers/STM32F1xx_HAL_Driver/Src/stm32f1xx_hal.o
 .debug_macro   0x0000000000001307       0x1c ./Drivers/STM32F1xx_HAL_Driver/Src/stm32f1xx_hal.o
 .debug_macro   0x0000000000001323       0x22 ./Drivers/STM32F1xx_HAL_Driver/Src/stm32f1xx_hal.o
 .debug_macro   0x0000000000001345       0xbd ./Drivers/STM32F1xx_HAL_Driver/Src/stm32f1xx_hal.o
 .debug_macro   0x0000000000001402      0xd23 ./Drivers/STM32F1xx_HAL_Driver/Src/stm32f1xx_hal.o
 .debug_macro   0x0000000000002125     0xe09e ./Drivers/STM32F1xx_HAL_Driver/Src/stm32f1xx_hal.o
 .debug_macro   0x00000000000101c3       0x43 ./Drivers/STM32F1xx_HAL_Driver/Src/stm32f1xx_hal.o
 .debug_macro   0x0000000000010206      0x174 ./Drivers/STM32F1xx_HAL_Driver/Src/stm32f1xx_hal.o
 .debug_macro   0x000000000001037a       0x5a ./Drivers/STM32F1xx_HAL_Driver/Src/stm32f1xx_hal.o
 .debug_macro   0x00000000000103d4      0x5be ./Drivers/STM32F1xx_HAL_Driver/Src/stm32f1xx_hal.o
 .debug_macro   0x0000000000010992      0x289 ./Drivers/STM32F1xx_HAL_Driver/Src/stm32f1xx_hal.o
 .debug_macro   0x0000000000010c1b      0x1cb ./Drivers/STM32F1xx_HAL_Driver/Src/stm32f1xx_hal.o
 .debug_macro   0x0000000000010de6      0x114 ./Drivers/STM32F1xx_HAL_Driver/Src/stm32f1xx_hal.o
 .debug_macro   0x0000000000010efa      0x1b2 ./Drivers/STM32F1xx_HAL_Driver/Src/stm32f1xx_hal.o
 .debug_macro   0x00000000000110ac       0x27 ./Drivers/STM32F1xx_HAL_Driver/Src/stm32f1xx_hal.o
 .debug_macro   0x00000000000110d3      0x136 ./Drivers/STM32F1xx_HAL_Driver/Src/stm32f1xx_hal.o
 .debug_macro   0x0000000000011209      0x1bc ./Drivers/STM32F1xx_HAL_Driver/Src/stm32f1xx_hal.o
 .debug_macro   0x00000000000113c5       0x34 ./Drivers/STM32F1xx_HAL_Driver/Src/stm32f1xx_hal.o
 .debug_macro   0x00000000000113f9       0x3c ./Drivers/STM32F1xx_HAL_Driver/Src/stm32f1xx_hal.o
 .debug_macro   0x0000000000011435      0x408 ./Drivers/STM32F1xx_HAL_Driver/Src/stm32f1xx_hal.o
 .debug_macro   0x000000000001183d       0x57 ./Drivers/STM32F1xx_HAL_Driver/Src/stm32f1xx_hal.o
 .debug_macro   0x0000000000011894       0x88 ./Drivers/STM32F1xx_HAL_Driver/Src/stm32f1xx_hal.o
 .debug_macro   0x000000000001191c      0x241 ./Drivers/STM32F1xx_HAL_Driver/Src/stm32f1xx_hal.o
 .debug_macro   0x0000000000011b5d      0x141 ./Drivers/STM32F1xx_HAL_Driver/Src/stm32f1xx_hal.o
 .debug_macro   0x0000000000011c9e      0x1ef ./Drivers/STM32F1xx_HAL_Driver/Src/stm32f1xx_hal.o
 .debug_macro   0x0000000000011e8d       0xec ./Drivers/STM32F1xx_HAL_Driver/Src/stm32f1xx_hal.o
 .debug_macro   0x0000000000011f79      0x217 ./Drivers/STM32F1xx_HAL_Driver/Src/stm32f1xx_hal.o
 .debug_macro   0x0000000000012190      0x26b ./Drivers/STM32F1xx_HAL_Driver/Src/stm32f1xx_hal.o
 .debug_macro   0x00000000000123fb       0x83 ./Drivers/STM32F1xx_HAL_Driver/Src/stm32f1xx_hal.o
 .debug_macro   0x000000000001247e      0x1b5 ./Drivers/STM32F1xx_HAL_Driver/Src/stm32f1xx_hal_can.o
 .debug_macro   0x0000000000012633      0x1ad ./Drivers/STM32F1xx_HAL_Driver/Src/stm32f1xx_hal_cortex.o
 .debug_macro   0x00000000000127e0      0x1ad ./Drivers/STM32F1xx_HAL_Driver/Src/stm32f1xx_hal_dma.o
 .debug_macro   0x000000000001298d      0x218 ./Drivers/STM32F1xx_HAL_Driver/Src/stm32f1xx_hal_gpio.o
 .debug_macro   0x0000000000012ba5      0x20d ./Drivers/STM32F1xx_HAL_Driver/Src/stm32f1xx_hal_pwr.o
 .debug_macro   0x0000000000012db2      0x1bf ./Drivers/STM32F1xx_HAL_Driver/Src/stm32f1xx_hal_rcc.o
 .debug_macro   0x0000000000012f71      0x1ad ./Drivers/STM32F1xx_HAL_Driver/Src/stm32f1xx_hal_rcc_ex.o
 .debug_macro   0x000000000001311e      0x1bc ./Drivers/STM32F1xx_HAL_Driver/Src/stm32f1xx_hal_rtc.o
 .debug_macro   0x00000000000132da      0x1ae ./Drivers/STM32F1xx_HAL_Driver/Src/stm32f1xx_hal_uart.o
 .debug_macro   0x0000000000013488      0x3af ./Src/GVRET.o
 .debug_macro   0x0000000000013837       0xe8 ./Src/GVRET.o
 .debug_macro   0x000000000001391f      0x15a ./Src/GVRET.o
 .debug_macro   0x0000000000013a79       0x52 ./Src/GVRET.o
 .debug_macro   0x0000000000013acb       0x18 ./Src/GVRET.o
 .debug_macro   0x0000000000013ae3       0x3c ./Src/GVRET.o
 .debug_macro   0x0000000000013b1f       0x34 ./Src/GVRET.o
 .debug_macro   0x0000000000013b53       0x16 ./Src/GVRET.o
 .debug_macro   0x0000000000013b69       0x35 ./Src/GVRET.o
 .debug_macro   0x0000000000013b9e      0x341 ./Src/GVRET.o
 .debug_macro   0x0000000000013edf       0x10 ./Src/GVRET.o
 .debug_macro   0x0000000000013eef       0x16 ./Src/GVRET.o
 .debug_macro   0x0000000000013f05       0x43 ./Src/GVRET.o
 .debug_macro   0x0000000000013f48       0x34 ./Src/GVRET.o
 .debug_macro   0x0000000000013f7c       0x10 ./Src/GVRET.o
 .debug_macro   0x0000000000013f8c       0x58 ./Src/GVRET.o
 .debug_macro   0x0000000000013fe4       0x71 ./Src/GVRET.o
 .debug_macro   0x0000000000014055       0x1c ./Src/GVRET.o
 .debug_macro   0x0000000000014071      0x12a ./Src/GVRET.o
 .debug_macro   0x000000000001419b       0x10 ./Src/GVRET.o
 .debug_macro   0x00000000000141ab       0x1c ./Src/GVRET.o
 .debug_macro   0x00000000000141c7       0x52 ./Src/GVRET.o
 .debug_macro   0x0000000000014219       0x22 ./Src/GVRET.o
 .debug_macro   0x000000000001423b       0x10 ./Src/GVRET.o
 .debug_macro   0x000000000001424b       0x52 ./Src/GVRET.o
 .debug_macro   0x000000000001429d       0xd5 ./Src/GVRET.o
 .debug_macro   0x0000000000014372       0x1c ./Src/GVRET.o
 .debug_macro   0x000000000001438e       0x3d ./Src/GVRET.o
 .debug_macro   0x00000000000143cb       0x16 ./Src/GVRET.o
 .debug_macro   0x00000000000143e1      0x145 ./Src/GVRET.o
 .debug_macro   0x0000000000014526       0x16 ./Src/GVRET.o
 .debug_macro   0x000000000001453c       0x20 ./Src/GVRET.o
 .debug_macro   0x000000000001455c      0x19b ./Src/GVRET.o
 .debug_macro   0x00000000000146f7      0x1f1 ./Src/LIN.o
 .debug_macro   0x00000000000148e8      0x1d9 ./Src/can.o
 .debug_macro   0x0000000000014ac1      0x1d9 ./Src/dma.o
 .debug_macro   0x0000000000014c9a      0x1d9 ./Src/gpio.o
 .debug_macro   0x0000000000014e73       0x11 ./Src/help.o
 .debug_macro   0x0000000000014e84      0x314 ./Src/main.o
 .debug_macro   0x0000000000015198       0x16 ./Src/main.o
 .debug_macro   0x00000000000151ae       0x16 ./Src/main.o
 .debug_macro   0x00000000000151c4       0x29 ./Src/main.o
 .debug_macro   0x00000000000151ed       0x28 ./Src/main.o
 .debug_macro   0x0000000000015215      0x1d9 ./Src/rtc.o
 .debug_macro   0x00000000000153ee      0x1cf ./Src/stm32f1xx_hal_msp.o
 .debug_macro   0x00000000000155bd      0x1e7 ./Src/stm32f1xx_it.o
 .debug_macro   0x00000000000157a4      0x1b3 ./Src/system_stm32f1xx.o
 .debug_macro   0x0000000000015957      0x1d9 ./Src/usart.o

.debug_line     0x0000000000000000    0x11541
 .debug_line    0x0000000000000000      0x97e ./Drivers/STM32F1xx_HAL_Driver/Src/stm32f1xx_hal.o
 .debug_line    0x000000000000097e     0x138d ./Drivers/STM32F1xx_HAL_Driver/Src/stm32f1xx_hal_can.o
 .debug_line    0x0000000000001d0b      0xb1f ./Drivers/STM32F1xx_HAL_Driver/Src/stm32f1xx_hal_cortex.o
 .debug_line    0x000000000000282a      0xe8a ./Drivers/STM32F1xx_HAL_Driver/Src/stm32f1xx_hal_dma.o
 .debug_line    0x00000000000036b4      0xa23 ./Drivers/STM32F1xx_HAL_Driver/Src/stm32f1xx_hal_gpio.o
 .debug_line    0x00000000000040d7      0x8db ./Drivers/STM32F1xx_HAL_Driver/Src/stm32f1xx_hal_pwr.o
 .debug_line    0x00000000000049b2     0x105c ./Drivers/STM32F1xx_HAL_Driver/Src/stm32f1xx_hal_rcc.o
 .debug_line    0x0000000000005a0e      0x913 ./Drivers/STM32F1xx_HAL_Driver/Src/stm32f1xx_hal_rcc_ex.o
 .debug_line    0x0000000000006321     0x14ad ./Drivers/STM32F1xx_HAL_Driver/Src/stm32f1xx_hal_rtc.o
 .debug_line    0x00000000000077ce     0x1fef ./Drivers/STM32F1xx_HAL_Driver/Src/stm32f1xx_hal_uart.o
 .debug_line    0x00000000000097bd     0x2790 ./Src/GVRET.o
 .debug_line    0x000000000000bf4d      0xb64 ./Src/LIN.o
 .debug_line    0x000000000000cab1      0x74e ./Src/can.o
 .debug_line    0x000000000000d1ff      0x676 ./Src/dma.o
 .debug_line    0x000000000000d875      0x652 ./Src/gpio.o
 .debug_line    0x000000000000dec7       0x2e ./Src/help.o
 .debug_line    0x000000000000def5      0xe7f ./Src/main.o
 .debug_line    0x000000000000ed74      0x6cb ./Src/rtc.o
 .debug_line    0x000000000000f43f      0x67b ./Src/stm32f1xx_hal_msp.o
 .debug_line    0x000000000000faba      0x8d8 ./Src/stm32f1xx_it.o
 .debug_line    0x0000000000010392      0x71b ./Src/system_stm32f1xx.o
 .debug_line    0x0000000000010aad      0xa17 ./Src/usart.o
 .debug_line    0x00000000000114c4       0x7d ./startup/startup_stm32f103xb.o

.debug_str      0x0000000000000000    0x7212d
 .debug_str     0x0000000000000000    0x69ab9 ./Drivers/STM32F1xx_HAL_Driver/Src/stm32f1xx_hal.o
                                      0x69de3 (size before relaxing)
 .debug_str     0x0000000000069ab9      0x813 ./Drivers/STM32F1xx_HAL_Driver/Src/stm32f1xx_hal_can.o
                                      0x69eb0 (size before relaxing)
 .debug_str     0x000000000006a2cc      0x2af ./Drivers/STM32F1xx_HAL_Driver/Src/stm32f1xx_hal_cortex.o
                                      0x69d2f (size before relaxing)
 .debug_str     0x000000000006a57b      0x3ce ./Drivers/STM32F1xx_HAL_Driver/Src/stm32f1xx_hal_dma.o
                                      0x69a59 (size before relaxing)
 .debug_str     0x000000000006a949      0x39e ./Drivers/STM32F1xx_HAL_Driver/Src/stm32f1xx_hal_gpio.o
                                      0x69a36 (size before relaxing)
 .debug_str     0x000000000006ace7      0x512 ./Drivers/STM32F1xx_HAL_Driver/Src/stm32f1xx_hal_pwr.o
                                      0x69be7 (size before relaxing)
 .debug_str     0x000000000006b1f9      0x383 ./Drivers/STM32F1xx_HAL_Driver/Src/stm32f1xx_hal_rcc.o
                                      0x69adf (size before relaxing)
 .debug_str     0x000000000006b57c      0x12b ./Drivers/STM32F1xx_HAL_Driver/Src/stm32f1xx_hal_rcc_ex.o
                                      0x6982f (size before relaxing)
 .debug_str     0x000000000006b6a7      0x49f ./Drivers/STM32F1xx_HAL_Driver/Src/stm32f1xx_hal_rtc.o
                                      0x69bbb (size before relaxing)
 .debug_str     0x000000000006bb46      0x6e9 ./Drivers/STM32F1xx_HAL_Driver/Src/stm32f1xx_hal_uart.o
                                      0x69fe7 (size before relaxing)
 .debug_str     0x000000000006c22f     0x56cb ./Src/GVRET.o
                                      0x6f6b5 (size before relaxing)
 .debug_str     0x00000000000718fa      0x1c1 ./Src/LIN.o
                                      0x6a680 (size before relaxing)
 .debug_str     0x0000000000071abb       0x41 ./Src/can.o
                                      0x6a4e8 (size before relaxing)
 .debug_str     0x0000000000071afc       0x22 ./Src/dma.o
                                      0x6a105 (size before relaxing)
 .debug_str     0x0000000000071b1e       0x25 ./Src/gpio.o
                                      0x69da7 (size before relaxing)
 .debug_str     0x0000000000071b43       0x18 ./Src/help.o
                                       0x2cb4 (size before relaxing)
 .debug_str     0x0000000000071b5b      0x36a ./Src/main.o
                                      0x6dd5a (size before relaxing)
 .debug_str     0x0000000000071ec5       0x17 ./Src/rtc.o
                                      0x6a015 (size before relaxing)
 .debug_str     0x0000000000071edc       0x1b ./Src/stm32f1xx_hal_msp.o
                                      0x69e31 (size before relaxing)
 .debug_str     0x0000000000071ef7      0x184 ./Src/stm32f1xx_it.o
                                      0x6a648 (size before relaxing)
 .debug_str     0x000000000007207b       0x69 ./Src/system_stm32f1xx.o
                                      0x69725 (size before relaxing)
 .debug_str     0x00000000000720e4       0x1a ./Src/usart.o
                                      0x6a661 (size before relaxing)
 .debug_str     0x00000000000720fe       0x2f ./startup/startup_stm32f103xb.o
                                         0x69 (size before relaxing)

.comment        0x0000000000000000       0x50
 .comment       0x0000000000000000       0x50 ./Drivers/STM32F1xx_HAL_Driver/Src/stm32f1xx_hal.o
                                         0x51 (size before relaxing)
 .comment       0x0000000000000050       0x51 ./Drivers/STM32F1xx_HAL_Driver/Src/stm32f1xx_hal_can.o
 .comment       0x0000000000000050       0x51 ./Drivers/STM32F1xx_HAL_Driver/Src/stm32f1xx_hal_cortex.o
 .comment       0x0000000000000050       0x51 ./Drivers/STM32F1xx_HAL_Driver/Src/stm32f1xx_hal_dma.o
 .comment       0x0000000000000050       0x51 ./Drivers/STM32F1xx_HAL_Driver/Src/stm32f1xx_hal_gpio.o
 .comment       0x0000000000000050       0x51 ./Drivers/STM32F1xx_HAL_Driver/Src/stm32f1xx_hal_pwr.o
 .comment       0x0000000000000050       0x51 ./Drivers/STM32F1xx_HAL_Driver/Src/stm32f1xx_hal_rcc.o
 .comment       0x0000000000000050       0x51 ./Drivers/STM32F1xx_HAL_Driver/Src/stm32f1xx_hal_rcc_ex.o
 .comment       0x0000000000000050       0x51 ./Drivers/STM32F1xx_HAL_Driver/Src/stm32f1xx_hal_rtc.o
 .comment       0x0000000000000050       0x51 ./Drivers/STM32F1xx_HAL_Driver/Src/stm32f1xx_hal_uart.o
 .comment       0x0000000000000050       0x51 ./Src/GVRET.o
 .comment       0x0000000000000050       0x51 ./Src/LIN.o
 .comment       0x0000000000000050       0x51 ./Src/can.o
 .comment       0x0000000000000050       0x51 ./Src/dma.o
 .comment       0x0000000000000050       0x51 ./Src/gpio.o
 .comment       0x0000000000000050       0x51 ./Src/help.o
 .comment       0x0000000000000050       0x51 ./Src/main.o
 .comment       0x0000000000000050       0x51 ./Src/rtc.o
 .comment       0x0000000000000050       0x51 ./Src/stm32f1xx_hal_msp.o
 .comment       0x0000000000000050       0x51 ./Src/stm32f1xx_it.o
 .comment       0x0000000000000050       0x51 ./Src/system_stm32f1xx.o
 .comment       0x0000000000000050       0x51 ./Src/usart.o

.debug_frame    0x0000000000000000     0x1d24
 .debug_frame   0x0000000000000000      0x1d4 ./Drivers/STM32F1xx_HAL_Driver/Src/stm32f1xx_hal.o
 .debug_frame   0x00000000000001d4      0x2d0 ./Drivers/STM32F1xx_HAL_Driver/Src/stm32f1xx_hal_can.o
 .debug_frame   0x00000000000004a4      0x120 ./Drivers/STM32F1xx_HAL_Driver/Src/stm32f1xx_hal_cortex.o
 .debug_frame   0x00000000000005c4      0x13c ./Drivers/STM32F1xx_HAL_Driver/Src/stm32f1xx_hal_dma.o
 .debug_frame   0x0000000000000700       0xd8 ./Drivers/STM32F1xx_HAL_Driver/Src/stm32f1xx_hal_gpio.o
 .debug_frame   0x00000000000007d8      0x140 ./Drivers/STM32F1xx_HAL_Driver/Src/stm32f1xx_hal_pwr.o
 .debug_frame   0x0000000000000918      0x150 ./Drivers/STM32F1xx_HAL_Driver/Src/stm32f1xx_hal_rcc.o
 .debug_frame   0x0000000000000a68       0x70 ./Drivers/STM32F1xx_HAL_Driver/Src/stm32f1xx_hal_rcc_ex.o
 .debug_frame   0x0000000000000ad8      0x2b8 ./Drivers/STM32F1xx_HAL_Driver/Src/stm32f1xx_hal_rtc.o
 .debug_frame   0x0000000000000d90      0x498 ./Drivers/STM32F1xx_HAL_Driver/Src/stm32f1xx_hal_uart.o
 .debug_frame   0x0000000000001228      0x338 ./Src/GVRET.o
 .debug_frame   0x0000000000001560      0x140 ./Src/LIN.o
 .debug_frame   0x00000000000016a0       0x70 ./Src/can.o
 .debug_frame   0x0000000000001710       0x2c ./Src/dma.o
 .debug_frame   0x000000000000173c       0x20 ./Src/gpio.o
 .debug_frame   0x000000000000175c      0x144 ./Src/main.o
 .debug_frame   0x00000000000018a0       0x58 ./Src/rtc.o
 .debug_frame   0x00000000000018f8       0x28 ./Src/stm32f1xx_hal_msp.o
 .debug_frame   0x0000000000001920      0x110 ./Src/stm32f1xx_it.o
 .debug_frame   0x0000000000001a30       0x30 ./Src/system_stm32f1xx.o
 .debug_frame   0x0000000000001a60       0xb8 ./Src/usart.o
 .debug_frame   0x0000000000001b18       0x2c d:/st/stm32cubeide_1.9.0/stm32cubeide/plugins/com.st.stm32cube.ide.mcu.externaltools.gnu-tools-for-stm32.10.3-2021.10.win32_1.0.0.202111181127/tools/bin/../lib/gcc/arm-none-eabi/10.3.1/../../../../arm-none-eabi/lib/thumb/v7-m/nofp\libc_nano.a(lib_a-init.o)
 .debug_frame   0x0000000000001b44       0x28 d:/st/stm32cubeide_1.9.0/stm32cubeide/plugins/com.st.stm32cube.ide.mcu.externaltools.gnu-tools-for-stm32.10.3-2021.10.win32_1.0.0.202111181127/tools/bin/../lib/gcc/arm-none-eabi/10.3.1/../../../../arm-none-eabi/lib/thumb/v7-m/nofp\libc_nano.a(lib_a-memcpy-stub.o)
 .debug_frame   0x0000000000001b6c       0x20 d:/st/stm32cubeide_1.9.0/stm32cubeide/plugins/com.st.stm32cube.ide.mcu.externaltools.gnu-tools-for-stm32.10.3-2021.10.win32_1.0.0.202111181127/tools/bin/../lib/gcc/arm-none-eabi/10.3.1/../../../../arm-none-eabi/lib/thumb/v7-m/nofp\libc_nano.a(lib_a-memset.o)
 .debug_frame   0x0000000000001b8c       0x28 d:/st/stm32cubeide_1.9.0/stm32cubeide/plugins/com.st.stm32cube.ide.mcu.externaltools.gnu-tools-for-stm32.10.3-2021.10.win32_1.0.0.202111181127/tools/bin/../lib/gcc/arm-none-eabi/10.3.1/../../../../arm-none-eabi/lib/thumb/v7-m/nofp\libm.a(lib_a-sf_round.o)
 .debug_frame   0x0000000000001bb4       0x4c d:/st/stm32cubeide_1.9.0/stm32cubeide/plugins/com.st.stm32cube.ide.mcu.externaltools.gnu-tools-for-stm32.10.3-2021.10.win32_1.0.0.202111181127/tools/bin/../lib/gcc/arm-none-eabi/10.3.1/thumb/v7-m/nofp\libgcc.a(_arm_addsubsf3.o)
 .debug_frame   0x0000000000001c00       0x38 d:/st/stm32cubeide_1.9.0/stm32cubeide/plugins/com.st.stm32cube.ide.mcu.externaltools.gnu-tools-for-stm32.10.3-2021.10.win32_1.0.0.202111181127/tools/bin/../lib/gcc/arm-none-eabi/10.3.1/thumb/v7-m/nofp\libgcc.a(_arm_muldivsf3.o)
 .debug_frame   0x0000000000001c38       0xc8 d:/st/stm32cubeide_1.9.0/stm32cubeide/plugins/com.st.stm32cube.ide.mcu.externaltools.gnu-tools-for-stm32.10.3-2021.10.win32_1.0.0.202111181127/tools/bin/../lib/gcc/arm-none-eabi/10.3.1/thumb/v7-m/nofp\libgcc.a(_arm_cmpsf2.o)
 .debug_frame   0x0000000000001d00       0x24 d:/st/stm32cubeide_1.9.0/stm32cubeide/plugins/com.st.stm32cube.ide.mcu.externaltools.gnu-tools-for-stm32.10.3-2021.10.win32_1.0.0.202111181127/tools/bin/../lib/gcc/arm-none-eabi/10.3.1/thumb/v7-m/nofp\libgcc.a(_arm_fixunssfsi.o)
